Archive member included to satisfy reference by file (symbol)

d:/mplabx/xc8/avr/bin/../lib/gcc/avr/5.4.0/../../../../avr/lib/avr5\libm.a(addsf3.o)
                              build/default/production/MY_UART.o (__subsf3)
d:/mplabx/xc8/avr/bin/../lib/gcc/avr/5.4.0/../../../../avr/lib/avr5\libm.a(addsf3x.o)
                              d:/mplabx/xc8/avr/bin/../lib/gcc/avr/5.4.0/../../../../avr/lib/avr5\libm.a(addsf3.o) (__addsf3x)
d:/mplabx/xc8/avr/bin/../lib/gcc/avr/5.4.0/../../../../avr/lib/avr5\libm.a(divsf3.o)
                              build/default/production/MY_UART.o (__divsf3)
d:/mplabx/xc8/avr/bin/../lib/gcc/avr/5.4.0/../../../../avr/lib/avr5\libm.a(divsf3x.o)
                              d:/mplabx/xc8/avr/bin/../lib/gcc/avr/5.4.0/../../../../avr/lib/avr5\libm.a(divsf3.o) (__divsf3x)
d:/mplabx/xc8/avr/bin/../lib/gcc/avr/5.4.0/../../../../avr/lib/avr5\libm.a(fixsfsi.o)
                              build/default/production/MY_UART.o (__fixsfsi)
d:/mplabx/xc8/avr/bin/../lib/gcc/avr/5.4.0/../../../../avr/lib/avr5\libm.a(fixunssfsi.o)
                              d:/mplabx/xc8/avr/bin/../lib/gcc/avr/5.4.0/../../../../avr/lib/avr5\libm.a(fixsfsi.o) (__fixunssfsi)
d:/mplabx/xc8/avr/bin/../lib/gcc/avr/5.4.0/../../../../avr/lib/avr5\libm.a(floatsisf.o)
                              build/default/production/MY_UART.o (__floatsisf)
d:/mplabx/xc8/avr/bin/../lib/gcc/avr/5.4.0/../../../../avr/lib/avr5\libm.a(fp_inf.o)
                              d:/mplabx/xc8/avr/bin/../lib/gcc/avr/5.4.0/../../../../avr/lib/avr5\libm.a(addsf3x.o) (__fp_inf)
d:/mplabx/xc8/avr/bin/../lib/gcc/avr/5.4.0/../../../../avr/lib/avr5\libm.a(fp_nan.o)
                              d:/mplabx/xc8/avr/bin/../lib/gcc/avr/5.4.0/../../../../avr/lib/avr5\libm.a(addsf3x.o) (__fp_nan)
d:/mplabx/xc8/avr/bin/../lib/gcc/avr/5.4.0/../../../../avr/lib/avr5\libm.a(fp_pscA.o)
                              d:/mplabx/xc8/avr/bin/../lib/gcc/avr/5.4.0/../../../../avr/lib/avr5\libm.a(addsf3x.o) (__fp_pscA)
d:/mplabx/xc8/avr/bin/../lib/gcc/avr/5.4.0/../../../../avr/lib/avr5\libm.a(fp_pscB.o)
                              d:/mplabx/xc8/avr/bin/../lib/gcc/avr/5.4.0/../../../../avr/lib/avr5\libm.a(addsf3x.o) (__fp_pscB)
d:/mplabx/xc8/avr/bin/../lib/gcc/avr/5.4.0/../../../../avr/lib/avr5\libm.a(fp_round.o)
                              d:/mplabx/xc8/avr/bin/../lib/gcc/avr/5.4.0/../../../../avr/lib/avr5\libm.a(addsf3.o) (__fp_round)
d:/mplabx/xc8/avr/bin/../lib/gcc/avr/5.4.0/../../../../avr/lib/avr5\libm.a(fp_split3.o)
                              d:/mplabx/xc8/avr/bin/../lib/gcc/avr/5.4.0/../../../../avr/lib/avr5\libm.a(addsf3x.o) (__fp_split3)
d:/mplabx/xc8/avr/bin/../lib/gcc/avr/5.4.0/../../../../avr/lib/avr5\libm.a(fp_zero.o)
                              d:/mplabx/xc8/avr/bin/../lib/gcc/avr/5.4.0/../../../../avr/lib/avr5\libm.a(addsf3x.o) (__fp_zero)
d:/mplabx/xc8/avr/bin/../lib/gcc/avr/5.4.0/avr5\libgcc.a(_divmodhi4.o)
                              build/default/production/MY_UART.o (__divmodhi4)
d:/mplabx/xc8/avr/bin/../lib/gcc/avr/5.4.0/avr5\libgcc.a(_tablejump2.o)
                              build/default/production/mtimer.o (__tablejump2__)
d:/mplabx/xc8/avr/bin/../lib/gcc/avr/5.4.0/avr5\libgcc.a(_copy_data.o)
                              build/default/production/main.o (__do_copy_data)
d:/mplabx/xc8/avr/bin/../lib/gcc/avr/5.4.0/avr5\libgcc.a(_udivmodhi4.o)
                              d:/mplabx/xc8/avr/bin/../lib/gcc/avr/5.4.0/avr5\libgcc.a(_divmodhi4.o) (__udivmodhi4)
d:/mplabx/xc8/avr/bin/../lib/gcc/avr/5.4.0/../../../../avr/lib/avr5\libc.a(exit.o)
                              D:/Mplabx/packs/Microchip/ATmega_DFP/3.1.264/xc8/avr/lib/avr5/crtatmega32a.o (exit)
d:/mplabx/xc8/avr/bin/../lib/gcc/avr/5.4.0/../../../../avr/lib/avr5\libc.a(strcat.o)
                              build/default/production/main.o (strcat)
d:/mplabx/xc8/avr/bin/../lib/gcc/avr/5.4.0/../../../../avr/lib/avr5\libc.a(_Exit.o)
                              d:/mplabx/xc8/avr/bin/../lib/gcc/avr/5.4.0/../../../../avr/lib/avr5\libc.a(exit.o) (_Exit)
d:/mplabx/xc8/avr/bin/../lib/gcc/avr/5.4.0/../../../../avr/lib/avr5\libc.a(strcpy.o)
                              d:/mplabx/xc8/avr/bin/../lib/gcc/avr/5.4.0/../../../../avr/lib/avr5\libc.a(strcat.o) (strcpy)
d:/mplabx/xc8/avr/bin/../lib/gcc/avr/5.4.0/../../../../avr/lib/avr5\libc.a(strlen.o)
                              d:/mplabx/xc8/avr/bin/../lib/gcc/avr/5.4.0/../../../../avr/lib/avr5\libc.a(strcat.o) (strlen)
d:/mplabx/xc8/avr/bin/../lib/gcc/avr/5.4.0/avr5\libgcc.a(_exit.o)
                              d:/mplabx/xc8/avr/bin/../lib/gcc/avr/5.4.0/../../../../avr/lib/avr5\libc.a(_Exit.o) (_exit)

Discarded input sections

 .data          0x0000000000000000        0x0 D:/Mplabx/packs/Microchip/ATmega_DFP/3.1.264/xc8/avr/lib/avr5/crtatmega32a.o
 .bss           0x0000000000000000        0x0 D:/Mplabx/packs/Microchip/ATmega_DFP/3.1.264/xc8/avr/lib/avr5/crtatmega32a.o
 .text          0x0000000000000000        0x0 build/default/production/main.o
 .data          0x0000000000000000        0x0 build/default/production/main.o
 .bss           0x0000000000000000        0x0 build/default/production/main.o
 .text          0x0000000000000000        0x0 build/default/production/MY_UART.o
 .data          0x0000000000000000        0x0 build/default/production/MY_UART.o
 .bss           0x0000000000000000        0x0 build/default/production/MY_UART.o
 .text.uart_send_char
                0x0000000000000000        0x8 build/default/production/MY_UART.o
 .text.uart_send_str
                0x0000000000000000       0x2a build/default/production/MY_UART.o
 .text.uart_send_num
                0x0000000000000000       0x38 build/default/production/MY_UART.o
 .text          0x0000000000000000        0x0 build/default/production/LCD_4.o
 .data          0x0000000000000000        0x0 build/default/production/LCD_4.o
 .bss           0x0000000000000000        0x0 build/default/production/LCD_4.o
 .text.LCD4_MOVE_LEFT
                0x0000000000000000       0x2e build/default/production/LCD_4.o
 .text.LCD4_MOVE_RIGHT
                0x0000000000000000       0x2e build/default/production/LCD_4.o
 .text          0x0000000000000000        0x0 build/default/production/DIO.o
 .data          0x0000000000000000        0x0 build/default/production/DIO.o
 .bss           0x0000000000000000        0x0 build/default/production/DIO.o
 .text.setPort_dir
                0x0000000000000000       0x60 build/default/production/DIO.o
 .text.readPort
                0x0000000000000000       0x24 build/default/production/DIO.o
 .text.readPIN  0x0000000000000000       0x64 build/default/production/DIO.o
 .text.togglePIN
                0x0000000000000000       0x68 build/default/production/DIO.o
 .text          0x0000000000000000        0x0 build/default/production/motor_driver.o
 .data          0x0000000000000000        0x0 build/default/production/motor_driver.o
 .bss           0x0000000000000000        0x0 build/default/production/motor_driver.o
 .text          0x0000000000000000        0x0 build/default/production/mtimer.o
 .data          0x0000000000000000        0x0 build/default/production/mtimer.o
 .bss           0x0000000000000000        0x0 build/default/production/mtimer.o
 .text.timer0_select_clock
                0x0000000000000000        0xe build/default/production/mtimer.o
 .text.timer0_TOV_int_en
                0x0000000000000000        0x8 build/default/production/mtimer.o
 .text.timer0_COMP_int_en
                0x0000000000000000        0x8 build/default/production/mtimer.o
 .text.timer0_selectMode
                0x0000000000000000       0x36 build/default/production/mtimer.o
 .text.initTimer0
                0x0000000000000000       0x12 build/default/production/mtimer.o
 .text.timer0_OC0_init
                0x0000000000000000        0xc build/default/production/mtimer.o
 .text.timer0_OC0_selectMode
                0x0000000000000000       0x16 build/default/production/mtimer.o
 .text.timer0_prescaler_reset
                0x0000000000000000        0x8 build/default/production/mtimer.o
 .text.timer2_asynch
                0x0000000000000000       0x3e build/default/production/mtimer.o
 .text.timer2_prescaler_reset
                0x0000000000000000        0x8 build/default/production/mtimer.o
 .text.timer1_selectMode
                0x0000000000000000       0xc6 build/default/production/mtimer.o
 .progmem.gcc_sw_table.timer1_selectMode
                0x0000000000000000       0x1c build/default/production/mtimer.o
 .text.timer1_select_clock
                0x0000000000000000        0xe build/default/production/mtimer.o
 .text.initTimer1
                0x0000000000000000       0x12 build/default/production/mtimer.o
 .text.timer1_TOV_int_en
                0x0000000000000000        0x8 build/default/production/mtimer.o
 .text.timer1A_COMP_int_en
                0x0000000000000000        0x8 build/default/production/mtimer.o
 .text.timer1_OC1A_init
                0x0000000000000000        0xc build/default/production/mtimer.o
 .text.timer1_OC1A_selectMode
                0x0000000000000000       0x16 build/default/production/mtimer.o
 .text.timer1B_COMP_int_en
                0x0000000000000000        0x8 build/default/production/mtimer.o
 .text.timer1_OC1B_init
                0x0000000000000000        0xc build/default/production/mtimer.o
 .text.timer1_OC1B_selectMode
                0x0000000000000000       0x16 build/default/production/mtimer.o
 .text.timer1_ICP_init
                0x0000000000000000        0xe build/default/production/mtimer.o
 .text.timer1_ICP_int_en
                0x0000000000000000        0x8 build/default/production/mtimer.o
 .text.timer1_ICP_noise_filter
                0x0000000000000000        0x8 build/default/production/mtimer.o
 .text.timer1_ICP_selectEdge
                0x0000000000000000       0x16 build/default/production/mtimer.o
 .text.timer1_ICP_getValue
                0x0000000000000000        0x6 build/default/production/mtimer.o
 .text.timer1_ACO_init
                0x0000000000000000       0x18 build/default/production/mtimer.o
 .text          0x0000000000000000        0x0 build/default/production/mPARSING.o
 .data          0x0000000000000000        0x0 build/default/production/mPARSING.o
 .bss           0x0000000000000000        0x0 build/default/production/mPARSING.o
 .data          0x0000000000000000        0x0 d:/mplabx/xc8/avr/bin/../lib/gcc/avr/5.4.0/../../../../avr/lib/avr5\libm.a(addsf3.o)
 .bss           0x0000000000000000        0x0 d:/mplabx/xc8/avr/bin/../lib/gcc/avr/5.4.0/../../../../avr/lib/avr5\libm.a(addsf3.o)
 .stack.descriptors
                0x0000000000000000       0x2c d:/mplabx/xc8/avr/bin/../lib/gcc/avr/5.4.0/../../../../avr/lib/avr5\libm.a(addsf3.o)
 .data          0x0000000000000000        0x0 d:/mplabx/xc8/avr/bin/../lib/gcc/avr/5.4.0/../../../../avr/lib/avr5\libm.a(addsf3x.o)
 .bss           0x0000000000000000        0x0 d:/mplabx/xc8/avr/bin/../lib/gcc/avr/5.4.0/../../../../avr/lib/avr5\libm.a(addsf3x.o)
 .stack.descriptors
                0x0000000000000000       0x17 d:/mplabx/xc8/avr/bin/../lib/gcc/avr/5.4.0/../../../../avr/lib/avr5\libm.a(addsf3x.o)
 .data          0x0000000000000000        0x0 d:/mplabx/xc8/avr/bin/../lib/gcc/avr/5.4.0/../../../../avr/lib/avr5\libm.a(divsf3.o)
 .bss           0x0000000000000000        0x0 d:/mplabx/xc8/avr/bin/../lib/gcc/avr/5.4.0/../../../../avr/lib/avr5\libm.a(divsf3.o)
 .stack.descriptors
                0x0000000000000000       0x16 d:/mplabx/xc8/avr/bin/../lib/gcc/avr/5.4.0/../../../../avr/lib/avr5\libm.a(divsf3.o)
 .data          0x0000000000000000        0x0 d:/mplabx/xc8/avr/bin/../lib/gcc/avr/5.4.0/../../../../avr/lib/avr5\libm.a(divsf3x.o)
 .bss           0x0000000000000000        0x0 d:/mplabx/xc8/avr/bin/../lib/gcc/avr/5.4.0/../../../../avr/lib/avr5\libm.a(divsf3x.o)
 .stack.descriptors
                0x0000000000000000       0x31 d:/mplabx/xc8/avr/bin/../lib/gcc/avr/5.4.0/../../../../avr/lib/avr5\libm.a(divsf3x.o)
 .data          0x0000000000000000        0x0 d:/mplabx/xc8/avr/bin/../lib/gcc/avr/5.4.0/../../../../avr/lib/avr5\libm.a(fixsfsi.o)
 .bss           0x0000000000000000        0x0 d:/mplabx/xc8/avr/bin/../lib/gcc/avr/5.4.0/../../../../avr/lib/avr5\libm.a(fixsfsi.o)
 .stack.descriptors
                0x0000000000000000       0x17 d:/mplabx/xc8/avr/bin/../lib/gcc/avr/5.4.0/../../../../avr/lib/avr5\libm.a(fixsfsi.o)
 .data          0x0000000000000000        0x0 d:/mplabx/xc8/avr/bin/../lib/gcc/avr/5.4.0/../../../../avr/lib/avr5\libm.a(fixunssfsi.o)
 .bss           0x0000000000000000        0x0 d:/mplabx/xc8/avr/bin/../lib/gcc/avr/5.4.0/../../../../avr/lib/avr5\libm.a(fixunssfsi.o)
 .stack.descriptors
                0x0000000000000000       0x1a d:/mplabx/xc8/avr/bin/../lib/gcc/avr/5.4.0/../../../../avr/lib/avr5\libm.a(fixunssfsi.o)
 .data          0x0000000000000000        0x0 d:/mplabx/xc8/avr/bin/../lib/gcc/avr/5.4.0/../../../../avr/lib/avr5\libm.a(floatsisf.o)
 .bss           0x0000000000000000        0x0 d:/mplabx/xc8/avr/bin/../lib/gcc/avr/5.4.0/../../../../avr/lib/avr5\libm.a(floatsisf.o)
 .stack.descriptors
                0x0000000000000000       0x34 d:/mplabx/xc8/avr/bin/../lib/gcc/avr/5.4.0/../../../../avr/lib/avr5\libm.a(floatsisf.o)
 .data          0x0000000000000000        0x0 d:/mplabx/xc8/avr/bin/../lib/gcc/avr/5.4.0/../../../../avr/lib/avr5\libm.a(fp_inf.o)
 .bss           0x0000000000000000        0x0 d:/mplabx/xc8/avr/bin/../lib/gcc/avr/5.4.0/../../../../avr/lib/avr5\libm.a(fp_inf.o)
 .stack.descriptors
                0x0000000000000000       0x16 d:/mplabx/xc8/avr/bin/../lib/gcc/avr/5.4.0/../../../../avr/lib/avr5\libm.a(fp_inf.o)
 .data          0x0000000000000000        0x0 d:/mplabx/xc8/avr/bin/../lib/gcc/avr/5.4.0/../../../../avr/lib/avr5\libm.a(fp_nan.o)
 .bss           0x0000000000000000        0x0 d:/mplabx/xc8/avr/bin/../lib/gcc/avr/5.4.0/../../../../avr/lib/avr5\libm.a(fp_nan.o)
 .stack.descriptors
                0x0000000000000000       0x16 d:/mplabx/xc8/avr/bin/../lib/gcc/avr/5.4.0/../../../../avr/lib/avr5\libm.a(fp_nan.o)
 .data          0x0000000000000000        0x0 d:/mplabx/xc8/avr/bin/../lib/gcc/avr/5.4.0/../../../../avr/lib/avr5\libm.a(fp_pscA.o)
 .bss           0x0000000000000000        0x0 d:/mplabx/xc8/avr/bin/../lib/gcc/avr/5.4.0/../../../../avr/lib/avr5\libm.a(fp_pscA.o)
 .stack.descriptors
                0x0000000000000000       0x17 d:/mplabx/xc8/avr/bin/../lib/gcc/avr/5.4.0/../../../../avr/lib/avr5\libm.a(fp_pscA.o)
 .data          0x0000000000000000        0x0 d:/mplabx/xc8/avr/bin/../lib/gcc/avr/5.4.0/../../../../avr/lib/avr5\libm.a(fp_pscB.o)
 .bss           0x0000000000000000        0x0 d:/mplabx/xc8/avr/bin/../lib/gcc/avr/5.4.0/../../../../avr/lib/avr5\libm.a(fp_pscB.o)
 .stack.descriptors
                0x0000000000000000       0x17 d:/mplabx/xc8/avr/bin/../lib/gcc/avr/5.4.0/../../../../avr/lib/avr5\libm.a(fp_pscB.o)
 .data          0x0000000000000000        0x0 d:/mplabx/xc8/avr/bin/../lib/gcc/avr/5.4.0/../../../../avr/lib/avr5\libm.a(fp_round.o)
 .bss           0x0000000000000000        0x0 d:/mplabx/xc8/avr/bin/../lib/gcc/avr/5.4.0/../../../../avr/lib/avr5\libm.a(fp_round.o)
 .stack.descriptors
                0x0000000000000000       0x18 d:/mplabx/xc8/avr/bin/../lib/gcc/avr/5.4.0/../../../../avr/lib/avr5\libm.a(fp_round.o)
 .data          0x0000000000000000        0x0 d:/mplabx/xc8/avr/bin/../lib/gcc/avr/5.4.0/../../../../avr/lib/avr5\libm.a(fp_split3.o)
 .bss           0x0000000000000000        0x0 d:/mplabx/xc8/avr/bin/../lib/gcc/avr/5.4.0/../../../../avr/lib/avr5\libm.a(fp_split3.o)
 .stack.descriptors
                0x0000000000000000       0x32 d:/mplabx/xc8/avr/bin/../lib/gcc/avr/5.4.0/../../../../avr/lib/avr5\libm.a(fp_split3.o)
 .data          0x0000000000000000        0x0 d:/mplabx/xc8/avr/bin/../lib/gcc/avr/5.4.0/../../../../avr/lib/avr5\libm.a(fp_zero.o)
 .bss           0x0000000000000000        0x0 d:/mplabx/xc8/avr/bin/../lib/gcc/avr/5.4.0/../../../../avr/lib/avr5\libm.a(fp_zero.o)
 .stack.descriptors
                0x0000000000000000       0x2f d:/mplabx/xc8/avr/bin/../lib/gcc/avr/5.4.0/../../../../avr/lib/avr5\libm.a(fp_zero.o)
 .text          0x0000000000000000        0x0 d:/mplabx/xc8/avr/bin/../lib/gcc/avr/5.4.0/avr5\libgcc.a(_divmodhi4.o)
 .data          0x0000000000000000        0x0 d:/mplabx/xc8/avr/bin/../lib/gcc/avr/5.4.0/avr5\libgcc.a(_divmodhi4.o)
 .bss           0x0000000000000000        0x0 d:/mplabx/xc8/avr/bin/../lib/gcc/avr/5.4.0/avr5\libgcc.a(_divmodhi4.o)
 .text.libgcc.mul
                0x0000000000000000        0x0 d:/mplabx/xc8/avr/bin/../lib/gcc/avr/5.4.0/avr5\libgcc.a(_divmodhi4.o)
 .stack.descriptors
                0x0000000000000000       0x19 d:/mplabx/xc8/avr/bin/../lib/gcc/avr/5.4.0/avr5\libgcc.a(_divmodhi4.o)
 .text.libgcc   0x0000000000000000        0x0 d:/mplabx/xc8/avr/bin/../lib/gcc/avr/5.4.0/avr5\libgcc.a(_divmodhi4.o)
 .text.libgcc.prologue
                0x0000000000000000        0x0 d:/mplabx/xc8/avr/bin/../lib/gcc/avr/5.4.0/avr5\libgcc.a(_divmodhi4.o)
 .text.libgcc.builtins
                0x0000000000000000        0x0 d:/mplabx/xc8/avr/bin/../lib/gcc/avr/5.4.0/avr5\libgcc.a(_divmodhi4.o)
 .text.libgcc.fmul
                0x0000000000000000        0x0 d:/mplabx/xc8/avr/bin/../lib/gcc/avr/5.4.0/avr5\libgcc.a(_divmodhi4.o)
 .text.libgcc.fixed
                0x0000000000000000        0x0 d:/mplabx/xc8/avr/bin/../lib/gcc/avr/5.4.0/avr5\libgcc.a(_divmodhi4.o)
 .text          0x0000000000000000        0x0 d:/mplabx/xc8/avr/bin/../lib/gcc/avr/5.4.0/avr5\libgcc.a(_tablejump2.o)
 .data          0x0000000000000000        0x0 d:/mplabx/xc8/avr/bin/../lib/gcc/avr/5.4.0/avr5\libgcc.a(_tablejump2.o)
 .bss           0x0000000000000000        0x0 d:/mplabx/xc8/avr/bin/../lib/gcc/avr/5.4.0/avr5\libgcc.a(_tablejump2.o)
 .text.libgcc.mul
                0x0000000000000000        0x0 d:/mplabx/xc8/avr/bin/../lib/gcc/avr/5.4.0/avr5\libgcc.a(_tablejump2.o)
 .text.libgcc.div
                0x0000000000000000        0x0 d:/mplabx/xc8/avr/bin/../lib/gcc/avr/5.4.0/avr5\libgcc.a(_tablejump2.o)
 .text.libgcc   0x0000000000000000        0xc d:/mplabx/xc8/avr/bin/../lib/gcc/avr/5.4.0/avr5\libgcc.a(_tablejump2.o)
 .text.libgcc.prologue
                0x0000000000000000        0x0 d:/mplabx/xc8/avr/bin/../lib/gcc/avr/5.4.0/avr5\libgcc.a(_tablejump2.o)
 .stack.descriptors.hdr
                0x0000000000000000        0xe d:/mplabx/xc8/avr/bin/../lib/gcc/avr/5.4.0/avr5\libgcc.a(_tablejump2.o)
 .stack.descriptors
                0x0000000000000000       0x1c d:/mplabx/xc8/avr/bin/../lib/gcc/avr/5.4.0/avr5\libgcc.a(_tablejump2.o)
 .text.libgcc.builtins
                0x0000000000000000        0x0 d:/mplabx/xc8/avr/bin/../lib/gcc/avr/5.4.0/avr5\libgcc.a(_tablejump2.o)
 .text.libgcc.fmul
                0x0000000000000000        0x0 d:/mplabx/xc8/avr/bin/../lib/gcc/avr/5.4.0/avr5\libgcc.a(_tablejump2.o)
 .text.libgcc.fixed
                0x0000000000000000        0x0 d:/mplabx/xc8/avr/bin/../lib/gcc/avr/5.4.0/avr5\libgcc.a(_tablejump2.o)
 .text          0x0000000000000000        0x0 d:/mplabx/xc8/avr/bin/../lib/gcc/avr/5.4.0/avr5\libgcc.a(_copy_data.o)
 .data          0x0000000000000000        0x0 d:/mplabx/xc8/avr/bin/../lib/gcc/avr/5.4.0/avr5\libgcc.a(_copy_data.o)
 .bss           0x0000000000000000        0x0 d:/mplabx/xc8/avr/bin/../lib/gcc/avr/5.4.0/avr5\libgcc.a(_copy_data.o)
 .text.libgcc.mul
                0x0000000000000000        0x0 d:/mplabx/xc8/avr/bin/../lib/gcc/avr/5.4.0/avr5\libgcc.a(_copy_data.o)
 .text.libgcc.div
                0x0000000000000000        0x0 d:/mplabx/xc8/avr/bin/../lib/gcc/avr/5.4.0/avr5\libgcc.a(_copy_data.o)
 .text.libgcc   0x0000000000000000        0x0 d:/mplabx/xc8/avr/bin/../lib/gcc/avr/5.4.0/avr5\libgcc.a(_copy_data.o)
 .text.libgcc.prologue
                0x0000000000000000        0x0 d:/mplabx/xc8/avr/bin/../lib/gcc/avr/5.4.0/avr5\libgcc.a(_copy_data.o)
 .text.libgcc.builtins
                0x0000000000000000        0x0 d:/mplabx/xc8/avr/bin/../lib/gcc/avr/5.4.0/avr5\libgcc.a(_copy_data.o)
 .text.libgcc.fmul
                0x0000000000000000        0x0 d:/mplabx/xc8/avr/bin/../lib/gcc/avr/5.4.0/avr5\libgcc.a(_copy_data.o)
 .text.libgcc.fixed
                0x0000000000000000        0x0 d:/mplabx/xc8/avr/bin/../lib/gcc/avr/5.4.0/avr5\libgcc.a(_copy_data.o)
 .text          0x0000000000000000        0x0 d:/mplabx/xc8/avr/bin/../lib/gcc/avr/5.4.0/avr5\libgcc.a(_udivmodhi4.o)
 .data          0x0000000000000000        0x0 d:/mplabx/xc8/avr/bin/../lib/gcc/avr/5.4.0/avr5\libgcc.a(_udivmodhi4.o)
 .bss           0x0000000000000000        0x0 d:/mplabx/xc8/avr/bin/../lib/gcc/avr/5.4.0/avr5\libgcc.a(_udivmodhi4.o)
 .text.libgcc.mul
                0x0000000000000000        0x0 d:/mplabx/xc8/avr/bin/../lib/gcc/avr/5.4.0/avr5\libgcc.a(_udivmodhi4.o)
 .stack.descriptors
                0x0000000000000000       0x1a d:/mplabx/xc8/avr/bin/../lib/gcc/avr/5.4.0/avr5\libgcc.a(_udivmodhi4.o)
 .text.libgcc   0x0000000000000000        0x0 d:/mplabx/xc8/avr/bin/../lib/gcc/avr/5.4.0/avr5\libgcc.a(_udivmodhi4.o)
 .text.libgcc.prologue
                0x0000000000000000        0x0 d:/mplabx/xc8/avr/bin/../lib/gcc/avr/5.4.0/avr5\libgcc.a(_udivmodhi4.o)
 .text.libgcc.builtins
                0x0000000000000000        0x0 d:/mplabx/xc8/avr/bin/../lib/gcc/avr/5.4.0/avr5\libgcc.a(_udivmodhi4.o)
 .text.libgcc.fmul
                0x0000000000000000        0x0 d:/mplabx/xc8/avr/bin/../lib/gcc/avr/5.4.0/avr5\libgcc.a(_udivmodhi4.o)
 .text.libgcc.fixed
                0x0000000000000000        0x0 d:/mplabx/xc8/avr/bin/../lib/gcc/avr/5.4.0/avr5\libgcc.a(_udivmodhi4.o)
 .text          0x0000000000000000        0x0 d:/mplabx/xc8/avr/bin/../lib/gcc/avr/5.4.0/../../../../avr/lib/avr5\libc.a(exit.o)
 .data          0x0000000000000000        0x0 d:/mplabx/xc8/avr/bin/../lib/gcc/avr/5.4.0/../../../../avr/lib/avr5\libc.a(exit.o)
 .bss           0x0000000000000000        0x0 d:/mplabx/xc8/avr/bin/../lib/gcc/avr/5.4.0/../../../../avr/lib/avr5\libc.a(exit.o)
 .stack.descriptors
                0x0000000000000000       0x73 d:/mplabx/xc8/avr/bin/../lib/gcc/avr/5.4.0/../../../../avr/lib/avr5\libc.a(exit.o)
 .text          0x0000000000000000        0x0 d:/mplabx/xc8/avr/bin/../lib/gcc/avr/5.4.0/../../../../avr/lib/avr5\libc.a(strcat.o)
 .data          0x0000000000000000        0x0 d:/mplabx/xc8/avr/bin/../lib/gcc/avr/5.4.0/../../../../avr/lib/avr5\libc.a(strcat.o)
 .bss           0x0000000000000000        0x0 d:/mplabx/xc8/avr/bin/../lib/gcc/avr/5.4.0/../../../../avr/lib/avr5\libc.a(strcat.o)
 .stack.descriptors
                0x0000000000000000       0x14 d:/mplabx/xc8/avr/bin/../lib/gcc/avr/5.4.0/../../../../avr/lib/avr5\libc.a(strcat.o)
 .text          0x0000000000000000        0x0 d:/mplabx/xc8/avr/bin/../lib/gcc/avr/5.4.0/../../../../avr/lib/avr5\libc.a(_Exit.o)
 .data          0x0000000000000000        0x0 d:/mplabx/xc8/avr/bin/../lib/gcc/avr/5.4.0/../../../../avr/lib/avr5\libc.a(_Exit.o)
 .bss           0x0000000000000000        0x0 d:/mplabx/xc8/avr/bin/../lib/gcc/avr/5.4.0/../../../../avr/lib/avr5\libc.a(_Exit.o)
 .stack.descriptors
                0x0000000000000000       0x13 d:/mplabx/xc8/avr/bin/../lib/gcc/avr/5.4.0/../../../../avr/lib/avr5\libc.a(_Exit.o)
 .text          0x0000000000000000        0x0 d:/mplabx/xc8/avr/bin/../lib/gcc/avr/5.4.0/../../../../avr/lib/avr5\libc.a(strcpy.o)
 .data          0x0000000000000000        0x0 d:/mplabx/xc8/avr/bin/../lib/gcc/avr/5.4.0/../../../../avr/lib/avr5\libc.a(strcpy.o)
 .bss           0x0000000000000000        0x0 d:/mplabx/xc8/avr/bin/../lib/gcc/avr/5.4.0/../../../../avr/lib/avr5\libc.a(strcpy.o)
 .stack.descriptors
                0x0000000000000000       0x14 d:/mplabx/xc8/avr/bin/../lib/gcc/avr/5.4.0/../../../../avr/lib/avr5\libc.a(strcpy.o)
 .text          0x0000000000000000        0x0 d:/mplabx/xc8/avr/bin/../lib/gcc/avr/5.4.0/../../../../avr/lib/avr5\libc.a(strlen.o)
 .data          0x0000000000000000        0x0 d:/mplabx/xc8/avr/bin/../lib/gcc/avr/5.4.0/../../../../avr/lib/avr5\libc.a(strlen.o)
 .bss           0x0000000000000000        0x0 d:/mplabx/xc8/avr/bin/../lib/gcc/avr/5.4.0/../../../../avr/lib/avr5\libc.a(strlen.o)
 .stack.descriptors
                0x0000000000000000       0x14 d:/mplabx/xc8/avr/bin/../lib/gcc/avr/5.4.0/../../../../avr/lib/avr5\libc.a(strlen.o)
 .text          0x0000000000000000        0x0 d:/mplabx/xc8/avr/bin/../lib/gcc/avr/5.4.0/avr5\libgcc.a(_exit.o)
 .data          0x0000000000000000        0x0 d:/mplabx/xc8/avr/bin/../lib/gcc/avr/5.4.0/avr5\libgcc.a(_exit.o)
 .bss           0x0000000000000000        0x0 d:/mplabx/xc8/avr/bin/../lib/gcc/avr/5.4.0/avr5\libgcc.a(_exit.o)
 .text.libgcc.mul
                0x0000000000000000        0x0 d:/mplabx/xc8/avr/bin/../lib/gcc/avr/5.4.0/avr5\libgcc.a(_exit.o)
 .text.libgcc.div
                0x0000000000000000        0x0 d:/mplabx/xc8/avr/bin/../lib/gcc/avr/5.4.0/avr5\libgcc.a(_exit.o)
 .text.libgcc   0x0000000000000000        0x0 d:/mplabx/xc8/avr/bin/../lib/gcc/avr/5.4.0/avr5\libgcc.a(_exit.o)
 .text.libgcc.prologue
                0x0000000000000000        0x0 d:/mplabx/xc8/avr/bin/../lib/gcc/avr/5.4.0/avr5\libgcc.a(_exit.o)
 .stack.descriptors
                0x0000000000000000       0x13 d:/mplabx/xc8/avr/bin/../lib/gcc/avr/5.4.0/avr5\libgcc.a(_exit.o)
 .text.libgcc.builtins
                0x0000000000000000        0x0 d:/mplabx/xc8/avr/bin/../lib/gcc/avr/5.4.0/avr5\libgcc.a(_exit.o)
 .text.libgcc.fmul
                0x0000000000000000        0x0 d:/mplabx/xc8/avr/bin/../lib/gcc/avr/5.4.0/avr5\libgcc.a(_exit.o)
 .text.libgcc.fixed
                0x0000000000000000        0x0 d:/mplabx/xc8/avr/bin/../lib/gcc/avr/5.4.0/avr5\libgcc.a(_exit.o)

Memory Configuration

Name             Origin             Length             Attributes
text             0x0000000000000000 0x0000000000008000 xr
data             0x0000000000800060 0x0000000000000800 rw !x
eeprom           0x0000000000810000 0x0000000000000400 rw !x
fuse             0x0000000000820000 0x0000000000000002 rw !x
lock             0x0000000000830000 0x0000000000000400 rw !x
signature        0x0000000000840000 0x0000000000000400 rw !x
user_signatures  0x0000000000850000 0x0000000000000400 rw !x
bootrow          0x0000000000860000 0x0000000000000400 rw !x
*default*        0x0000000000000000 0xffffffffffffffff

Linker script and memory map

LOAD D:/Mplabx/packs/Microchip/ATmega_DFP/3.1.264/xc8/avr/lib/avr5/crtatmega32a.o
                0x0000000000000001                __MPLAB_BUILD = 0x1
LOAD build/default/production/main.o
LOAD build/default/production/MY_UART.o
LOAD build/default/production/LCD_4.o
LOAD build/default/production/DIO.o
LOAD build/default/production/motor_driver.o
LOAD build/default/production/mtimer.o
LOAD build/default/production/mPARSING.o
START GROUP
LOAD d:/mplabx/xc8/avr/bin/../lib/gcc/avr/5.4.0/../../../../avr/lib/avr5\libm.a
END GROUP
START GROUP
LOAD d:/mplabx/xc8/avr/bin/../lib/gcc/avr/5.4.0/avr5\libgcc.a
LOAD d:/mplabx/xc8/avr/bin/../lib/gcc/avr/5.4.0/../../../../avr/lib/avr5\libm.a
LOAD d:/mplabx/xc8/avr/bin/../lib/gcc/avr/5.4.0/../../../../avr/lib/avr5\libc.a
LOAD D:/Mplabx/packs/Microchip/ATmega_DFP/3.1.264/xc8/avr/lib/avr5\libatmega32a.a
END GROUP
                [0x0000000000000000]                __TEXT_REGION_ORIGIN__ = DEFINED (__TEXT_REGION_ORIGIN__)?__TEXT_REGION_ORIGIN__:0x0
                [0x0000000000800060]                __DATA_REGION_ORIGIN__ = DEFINED (__DATA_REGION_ORIGIN__)?__DATA_REGION_ORIGIN__:0x800060
                [0x0000000000008000]                __TEXT_REGION_LENGTH__ = DEFINED (__TEXT_REGION_LENGTH__)?__TEXT_REGION_LENGTH__:0x20000
                [0x0000000000000800]                __DATA_REGION_LENGTH__ = DEFINED (__DATA_REGION_LENGTH__)?__DATA_REGION_LENGTH__:0xffa0
                [0x0000000000000400]                __EEPROM_REGION_LENGTH__ = DEFINED (__EEPROM_REGION_LENGTH__)?__EEPROM_REGION_LENGTH__:0x10000
                [0x0000000000000002]                __FUSE_REGION_LENGTH__ = DEFINED (__FUSE_REGION_LENGTH__)?__FUSE_REGION_LENGTH__:0x400
                0x0000000000000400                __LOCK_REGION_LENGTH__ = DEFINED (__LOCK_REGION_LENGTH__)?__LOCK_REGION_LENGTH__:0x400
                0x0000000000000400                __SIGNATURE_REGION_LENGTH__ = DEFINED (__SIGNATURE_REGION_LENGTH__)?__SIGNATURE_REGION_LENGTH__:0x400
                0x0000000000000400                __USER_SIGNATURE_REGION_LENGTH__ = DEFINED (__USER_SIGNATURE_REGION_LENGTH__)?__USER_SIGNATURE_REGION_LENGTH__:0x400
                0x0000000000000400                __BOOTROW_REGION_LENGTH__ = DEFINED (__BOOTROW_REGION_LENGTH__)?__BOOTROW_REGION_LENGTH__:0x400

.hash
 *(.hash)

.dynsym
 *(.dynsym)

.dynstr
 *(.dynstr)

.gnu.version
 *(.gnu.version)

.gnu.version_d
 *(.gnu.version_d)

.gnu.version_r
 *(.gnu.version_r)

.rel.init
 *(.rel.init)

.rela.init
 *(.rela.init)

.rel.text
 *(.rel.text)
 *(.rel.text.*)
 *(.rel.gnu.linkonce.t*)

.rela.text
 *(.rela.text)
 *(.rela.text.*)
 *(.rela.gnu.linkonce.t*)

.rel.fini
 *(.rel.fini)

.rela.fini
 *(.rela.fini)

.rel.rodata
 *(.rel.rodata)
 *(.rel.rodata.*)
 *(.rel.gnu.linkonce.r*)

.rela.rodata
 *(.rela.rodata)
 *(.rela.rodata.*)
 *(.rela.gnu.linkonce.r*)

.rel.data
 *(.rel.data)
 *(.rel.data.*)
 *(.rel.gnu.linkonce.d*)

.rela.data
 *(.rela.data)
 *(.rela.data.*)
 *(.rela.gnu.linkonce.d*)

.rel.ctors
 *(.rel.ctors)

.rela.ctors
 *(.rela.ctors)

.rel.dtors
 *(.rel.dtors)

.rela.dtors
 *(.rela.dtors)

.rel.got
 *(.rel.got)

.rela.got
 *(.rela.got)

.rel.bss
 *(.rel.bss)

.rela.bss
 *(.rela.bss)

.rel.plt
 *(.rel.plt)

.rela.plt
 *(.rela.plt)

.text           0x0000000000000000       0xb0
 *(.vectors)
 .vectors       0x0000000000000000       0x54 D:/Mplabx/packs/Microchip/ATmega_DFP/3.1.264/xc8/avr/lib/avr5/crtatmega32a.o
                0x0000000000000000                __vector_default
                0x0000000000000000                __vectors
 *(.vectors)
 *(.progmem.gcc*)
 *(.dinit)
 .dinit         0x0000000000000054        0x7 data_init
                0x000000000000005c                . = ALIGN (0x2)
 *fill*         0x000000000000005b        0x1 
                0x000000000000005c                __trampolines_start = .
 *(.trampolines)
 .trampolines   0x000000000000005c        0x0 linker stubs
 *(.trampolines*)
                0x000000000000005c                __trampolines_end = .
 *libprintf_flt.a:*(.progmem.data)
 *libc.a:*(.progmem.data)
                0x000000000000005c                . = ALIGN (0x2)
 *(.jumptables)
 *(.jumptables*)
 *(.lowtext)
 *(.lowtext*)
                0x000000000000005c                __ctors_start = .
 *(.ctors)
                0x000000000000005c                __ctors_end = .
                0x000000000000005c                __dtors_start = .
 *(.dtors)
                0x000000000000005c                __dtors_end = .
 SORT(*)(.ctors)
 SORT(*)(.dtors)
 *(.init0)
 .init0         0x000000000000005c        0x0 D:/Mplabx/packs/Microchip/ATmega_DFP/3.1.264/xc8/avr/lib/avr5/crtatmega32a.o
                0x000000000000005c                __init
 *(.init0)
 *(.init1)
 *(.init1)
 *(.init2)
 .init2         0x000000000000005c        0xc D:/Mplabx/packs/Microchip/ATmega_DFP/3.1.264/xc8/avr/lib/avr5/crtatmega32a.o
 *(.init2)
 *(.init3)
 *(.init3)
 *(.init4)
 .init4         0x0000000000000068       0x3c d:/mplabx/xc8/avr/bin/../lib/gcc/avr/5.4.0/avr5\libgcc.a(_copy_data.o)
                0x0000000000000068                __do_copy_data
                0x0000000000000096                __do_clear_bss
 *(.init4)
 *(.init5)
 *(.init5)
 *(.init6)
 *(.init6)
 *(.init7)
 *(.init7)
 *(.init8)
 *(.init8)
 *(.init9)
 .init9         0x00000000000000a4        0x8 D:/Mplabx/packs/Microchip/ATmega_DFP/3.1.264/xc8/avr/lib/avr5/crtatmega32a.o
 *(.init9)
                0x00000000000000ac                . = ALIGN (0x2)
 *(.fini9)
 .fini9         0x00000000000000ac        0x0 d:/mplabx/xc8/avr/bin/../lib/gcc/avr/5.4.0/avr5\libgcc.a(_exit.o)
                0x00000000000000ac                _exit
 *(.fini9)
 *(.fini8)
 *(.fini8)
 *(.fini7)
 *(.fini7)
 *(.fini6)
 *(.fini6)
 *(.fini5)
 *(.fini5)
 *(.fini4)
 *(.fini4)
 *(.fini3)
 *(.fini3)
 *(.fini2)
 *(.fini2)
 *(.fini1)
 *(.fini1)
 *(.fini0)
 .fini0         0x00000000000000ac        0x4 d:/mplabx/xc8/avr/bin/../lib/gcc/avr/5.4.0/avr5\libgcc.a(_exit.o)
 *(.fini0)
                0x00000000000000b0                _etext = .

.data           0x0000000000800060        0x0 load address 0x00000000000000b0
                [!provide]                        PROVIDE (__data_start, .)
 *(.gnu.linkonce.d*)
 *(.gnu.linkonce.r*)
                0x0000000000800060                . = ALIGN (0x2)
                0x0000000000800060                _edata = .
                [!provide]                        PROVIDE (__data_end, .)

.bss            0x0000000000800060        0x0
                [!provide]                        PROVIDE (__bss_start, .)
 *(COMMON)
                [!provide]                        PROVIDE (__bss_end, .)
                0x00000000000000b0                __data_load_start = LOADADDR (.data)
                0x00000000000000b0                __data_load_end = (__data_load_start + SIZEOF (.data))

.noinit         0x0000000000800060        0x0
                [!provide]                        PROVIDE (__noinit_start, .)
 *(.noinit*)
                [!provide]                        PROVIDE (__noinit_end, .)
                0x0000000000800060                _end = .

.eeprom         0x0000000000810000        0x0
 *(.eeprom*)
                0x0000000000810000                __eeprom_end = .

.fuse
 *(.fuse)
 *(.lfuse)
 *(.hfuse)
 *(.efuse)

.lock
 *(.lock*)

.signature
 *(.signature*)

.user_signatures
 *(.user_signatures*)

.bootrow
 *(.bootrow*)

.stab
 *(.stab)

.stabstr
 *(.stabstr)

.stab.excl
 *(.stab.excl)

.stab.exclstr
 *(.stab.exclstr)

.stab.index
 *(.stab.index)

.stab.indexstr
 *(.stab.indexstr)

.comment        0x0000000000000000       0x5b
 *(.comment)
 .comment       0x0000000000000000       0x2f build/default/production/main.o
                                         0x30 (size before relaxing)
 .comment       0x000000000000002f       0x30 build/default/production/MY_UART.o
 .comment       0x000000000000002f       0x30 build/default/production/LCD_4.o
 .comment       0x000000000000002f       0x30 build/default/production/DIO.o
 .comment       0x000000000000002f       0x30 build/default/production/motor_driver.o
 .comment       0x000000000000002f       0x30 build/default/production/mtimer.o
 .comment       0x000000000000002f       0x30 build/default/production/mPARSING.o
 .comment       0x000000000000002f       0x2c d:/mplabx/xc8/avr/bin/../lib/gcc/avr/5.4.0/../../../../avr/lib/avr5\libc.a(exit.o)
                                         0x2d (size before relaxing)
 .comment       0x000000000000005b       0x2d d:/mplabx/xc8/avr/bin/../lib/gcc/avr/5.4.0/../../../../avr/lib/avr5\libc.a(strcat.o)
 .comment       0x000000000000005b       0x2d d:/mplabx/xc8/avr/bin/../lib/gcc/avr/5.4.0/../../../../avr/lib/avr5\libc.a(_Exit.o)
 .comment       0x000000000000005b       0x2d d:/mplabx/xc8/avr/bin/../lib/gcc/avr/5.4.0/../../../../avr/lib/avr5\libc.a(strcpy.o)
 .comment       0x000000000000005b       0x2d d:/mplabx/xc8/avr/bin/../lib/gcc/avr/5.4.0/../../../../avr/lib/avr5\libc.a(strlen.o)

.stack.descriptors.hdr
                0x0000000000000000      0x134
 .stack.descriptors.hdr
                0x0000000000000000        0xe d:/mplabx/xc8/avr/bin/../lib/gcc/avr/5.4.0/../../../../avr/lib/avr5\libm.a(addsf3.o)
 .stack.descriptors.hdr
                0x000000000000000e        0xe d:/mplabx/xc8/avr/bin/../lib/gcc/avr/5.4.0/../../../../avr/lib/avr5\libm.a(addsf3x.o)
 .stack.descriptors.hdr
                0x000000000000001c        0xe d:/mplabx/xc8/avr/bin/../lib/gcc/avr/5.4.0/../../../../avr/lib/avr5\libm.a(divsf3.o)
 .stack.descriptors.hdr
                0x000000000000002a        0xe d:/mplabx/xc8/avr/bin/../lib/gcc/avr/5.4.0/../../../../avr/lib/avr5\libm.a(divsf3x.o)
 .stack.descriptors.hdr
                0x0000000000000038        0xe d:/mplabx/xc8/avr/bin/../lib/gcc/avr/5.4.0/../../../../avr/lib/avr5\libm.a(fixsfsi.o)
 .stack.descriptors.hdr
                0x0000000000000046        0xe d:/mplabx/xc8/avr/bin/../lib/gcc/avr/5.4.0/../../../../avr/lib/avr5\libm.a(fixunssfsi.o)
 .stack.descriptors.hdr
                0x0000000000000054        0xe d:/mplabx/xc8/avr/bin/../lib/gcc/avr/5.4.0/../../../../avr/lib/avr5\libm.a(floatsisf.o)
 .stack.descriptors.hdr
                0x0000000000000062        0xe d:/mplabx/xc8/avr/bin/../lib/gcc/avr/5.4.0/../../../../avr/lib/avr5\libm.a(fp_inf.o)
 .stack.descriptors.hdr
                0x0000000000000070        0xe d:/mplabx/xc8/avr/bin/../lib/gcc/avr/5.4.0/../../../../avr/lib/avr5\libm.a(fp_nan.o)
 .stack.descriptors.hdr
                0x000000000000007e        0xe d:/mplabx/xc8/avr/bin/../lib/gcc/avr/5.4.0/../../../../avr/lib/avr5\libm.a(fp_pscA.o)
 .stack.descriptors.hdr
                0x000000000000008c        0xe d:/mplabx/xc8/avr/bin/../lib/gcc/avr/5.4.0/../../../../avr/lib/avr5\libm.a(fp_pscB.o)
 .stack.descriptors.hdr
                0x000000000000009a        0xe d:/mplabx/xc8/avr/bin/../lib/gcc/avr/5.4.0/../../../../avr/lib/avr5\libm.a(fp_round.o)
 .stack.descriptors.hdr
                0x00000000000000a8        0xe d:/mplabx/xc8/avr/bin/../lib/gcc/avr/5.4.0/../../../../avr/lib/avr5\libm.a(fp_split3.o)
 .stack.descriptors.hdr
                0x00000000000000b6        0xe d:/mplabx/xc8/avr/bin/../lib/gcc/avr/5.4.0/../../../../avr/lib/avr5\libm.a(fp_zero.o)
 .stack.descriptors.hdr
                0x00000000000000c4        0xe d:/mplabx/xc8/avr/bin/../lib/gcc/avr/5.4.0/avr5\libgcc.a(_divmodhi4.o)
 .stack.descriptors.hdr
                0x00000000000000d2        0xe d:/mplabx/xc8/avr/bin/../lib/gcc/avr/5.4.0/avr5\libgcc.a(_udivmodhi4.o)
 .stack.descriptors.hdr
                0x00000000000000e0        0xe d:/mplabx/xc8/avr/bin/../lib/gcc/avr/5.4.0/../../../../avr/lib/avr5\libc.a(exit.o)
 .stack.descriptors.hdr
                0x00000000000000ee        0xe d:/mplabx/xc8/avr/bin/../lib/gcc/avr/5.4.0/../../../../avr/lib/avr5\libc.a(strcat.o)
 .stack.descriptors.hdr
                0x00000000000000fc        0xe d:/mplabx/xc8/avr/bin/../lib/gcc/avr/5.4.0/../../../../avr/lib/avr5\libc.a(_Exit.o)
 .stack.descriptors.hdr
                0x000000000000010a        0xe d:/mplabx/xc8/avr/bin/../lib/gcc/avr/5.4.0/../../../../avr/lib/avr5\libc.a(strcpy.o)
 .stack.descriptors.hdr
                0x0000000000000118        0xe d:/mplabx/xc8/avr/bin/../lib/gcc/avr/5.4.0/../../../../avr/lib/avr5\libc.a(strlen.o)
 .stack.descriptors.hdr
                0x0000000000000126        0xe d:/mplabx/xc8/avr/bin/../lib/gcc/avr/5.4.0/avr5\libgcc.a(_exit.o)

.note.GNU-stack
                0x0000000000000000        0x0
 .note.GNU-stack
                0x0000000000000000        0x0 d:/mplabx/xc8/avr/bin/../lib/gcc/avr/5.4.0/../../../../avr/lib/avr5\libm.a(addsf3.o)
 .note.GNU-stack
                0x0000000000000000        0x0 d:/mplabx/xc8/avr/bin/../lib/gcc/avr/5.4.0/../../../../avr/lib/avr5\libm.a(addsf3x.o)
 .note.GNU-stack
                0x0000000000000000        0x0 d:/mplabx/xc8/avr/bin/../lib/gcc/avr/5.4.0/../../../../avr/lib/avr5\libm.a(divsf3.o)
 .note.GNU-stack
                0x0000000000000000        0x0 d:/mplabx/xc8/avr/bin/../lib/gcc/avr/5.4.0/../../../../avr/lib/avr5\libm.a(divsf3x.o)
 .note.GNU-stack
                0x0000000000000000        0x0 d:/mplabx/xc8/avr/bin/../lib/gcc/avr/5.4.0/../../../../avr/lib/avr5\libm.a(fixsfsi.o)
 .note.GNU-stack
                0x0000000000000000        0x0 d:/mplabx/xc8/avr/bin/../lib/gcc/avr/5.4.0/../../../../avr/lib/avr5\libm.a(fixunssfsi.o)
 .note.GNU-stack
                0x0000000000000000        0x0 d:/mplabx/xc8/avr/bin/../lib/gcc/avr/5.4.0/../../../../avr/lib/avr5\libm.a(floatsisf.o)
 .note.GNU-stack
                0x0000000000000000        0x0 d:/mplabx/xc8/avr/bin/../lib/gcc/avr/5.4.0/../../../../avr/lib/avr5\libm.a(fp_inf.o)
 .note.GNU-stack
                0x0000000000000000        0x0 d:/mplabx/xc8/avr/bin/../lib/gcc/avr/5.4.0/../../../../avr/lib/avr5\libm.a(fp_nan.o)
 .note.GNU-stack
                0x0000000000000000        0x0 d:/mplabx/xc8/avr/bin/../lib/gcc/avr/5.4.0/../../../../avr/lib/avr5\libm.a(fp_pscA.o)
 .note.GNU-stack
                0x0000000000000000        0x0 d:/mplabx/xc8/avr/bin/../lib/gcc/avr/5.4.0/../../../../avr/lib/avr5\libm.a(fp_pscB.o)
 .note.GNU-stack
                0x0000000000000000        0x0 d:/mplabx/xc8/avr/bin/../lib/gcc/avr/5.4.0/../../../../avr/lib/avr5\libm.a(fp_round.o)
 .note.GNU-stack
                0x0000000000000000        0x0 d:/mplabx/xc8/avr/bin/../lib/gcc/avr/5.4.0/../../../../avr/lib/avr5\libm.a(fp_split3.o)
 .note.GNU-stack
                0x0000000000000000        0x0 d:/mplabx/xc8/avr/bin/../lib/gcc/avr/5.4.0/../../../../avr/lib/avr5\libm.a(fp_zero.o)
 .note.GNU-stack
                0x0000000000000000        0x0 d:/mplabx/xc8/avr/bin/../lib/gcc/avr/5.4.0/../../../../avr/lib/avr5\libc.a(exit.o)
 .note.GNU-stack
                0x0000000000000000        0x0 d:/mplabx/xc8/avr/bin/../lib/gcc/avr/5.4.0/../../../../avr/lib/avr5\libc.a(strcat.o)
 .note.GNU-stack
                0x0000000000000000        0x0 d:/mplabx/xc8/avr/bin/../lib/gcc/avr/5.4.0/../../../../avr/lib/avr5\libc.a(_Exit.o)
 .note.GNU-stack
                0x0000000000000000        0x0 d:/mplabx/xc8/avr/bin/../lib/gcc/avr/5.4.0/../../../../avr/lib/avr5\libc.a(strcpy.o)
 .note.GNU-stack
                0x0000000000000000        0x0 d:/mplabx/xc8/avr/bin/../lib/gcc/avr/5.4.0/../../../../avr/lib/avr5\libc.a(strlen.o)

.note.gnu.build-id
 *(.note.gnu.build-id)

.debug
 *(.debug)

.line
 *(.line)

.debug_srcinfo
 *(.debug_srcinfo)

.debug_sfnames
 *(.debug_sfnames)

.debug_aranges  0x0000000000000000      0x2c0
 *(.debug_aranges)
 .debug_aranges
                0x0000000000000000       0x20 build/default/production/main.o
 .debug_aranges
                0x0000000000000020       0x50 build/default/production/MY_UART.o
 .debug_aranges
                0x0000000000000070       0x68 build/default/production/LCD_4.o
 .debug_aranges
                0x00000000000000d8       0x50 build/default/production/DIO.o
 .debug_aranges
                0x0000000000000128       0x48 build/default/production/motor_driver.o
 .debug_aranges
                0x0000000000000170      0x120 build/default/production/mtimer.o
 .debug_aranges
                0x0000000000000290       0x30 build/default/production/mPARSING.o

.debug_pubnames
 *(.debug_pubnames)

.debug_info     0x0000000000000000     0x305e
 *(.debug_info .gnu.linkonce.wi.*)
 .debug_info    0x0000000000000000      0x4e6 D:/Mplabx/packs/Microchip/ATmega_DFP/3.1.264/xc8/avr/lib/avr5/crtatmega32a.o
 .debug_info    0x00000000000004e6      0x4e8 build/default/production/main.o
 .debug_info    0x00000000000009ce      0x66d build/default/production/MY_UART.o
 .debug_info    0x000000000000103b      0x79b build/default/production/LCD_4.o
 .debug_info    0x00000000000017d6      0x3e9 build/default/production/DIO.o
 .debug_info    0x0000000000001bbf      0x6ac build/default/production/motor_driver.o
 .debug_info    0x000000000000226b      0x9b4 build/default/production/mtimer.o
 .debug_info    0x0000000000002c1f      0x43f build/default/production/mPARSING.o

.debug_abbrev   0x0000000000000000      0xc83
 *(.debug_abbrev)
 .debug_abbrev  0x0000000000000000      0x4a3 D:/Mplabx/packs/Microchip/ATmega_DFP/3.1.264/xc8/avr/lib/avr5/crtatmega32a.o
 .debug_abbrev  0x00000000000004a3       0xd2 build/default/production/main.o
 .debug_abbrev  0x0000000000000575      0x189 build/default/production/MY_UART.o
 .debug_abbrev  0x00000000000006fe      0x17f build/default/production/LCD_4.o
 .debug_abbrev  0x000000000000087d       0xe1 build/default/production/DIO.o
 .debug_abbrev  0x000000000000095e       0xc2 build/default/production/motor_driver.o
 .debug_abbrev  0x0000000000000a20      0x162 build/default/production/mtimer.o
 .debug_abbrev  0x0000000000000b82      0x101 build/default/production/mPARSING.o

.debug_line     0x0000000000000000     0x1362
 *(.debug_line .debug_line.* .debug_line_end)
 .debug_line    0x0000000000000000      0x116 D:/Mplabx/packs/Microchip/ATmega_DFP/3.1.264/xc8/avr/lib/avr5/crtatmega32a.o
 .debug_line    0x0000000000000116      0x161 build/default/production/main.o
 .debug_line    0x0000000000000277      0x2a5 build/default/production/MY_UART.o
 .debug_line    0x000000000000051c      0x28c build/default/production/LCD_4.o
 .debug_line    0x00000000000007a8      0x32e build/default/production/DIO.o
 .debug_line    0x0000000000000ad6      0x1b1 build/default/production/motor_driver.o
 .debug_line    0x0000000000000c87      0x55c build/default/production/mtimer.o
 .debug_line    0x00000000000011e3      0x17f build/default/production/mPARSING.o

.debug_frame    0x0000000000000000      0x5a8
 *(.debug_frame)
 .debug_frame   0x0000000000000000       0x34 build/default/production/main.o
 .debug_frame   0x0000000000000034       0xd4 build/default/production/MY_UART.o
 .debug_frame   0x0000000000000108      0x108 build/default/production/LCD_4.o
 .debug_frame   0x0000000000000210       0x84 build/default/production/DIO.o
 .debug_frame   0x0000000000000294       0x74 build/default/production/motor_driver.o
 .debug_frame   0x0000000000000308      0x23c build/default/production/mtimer.o
 .debug_frame   0x0000000000000544       0x64 build/default/production/mPARSING.o

.debug_str      0x0000000000000000      0x2e8
 *(.debug_str)
 .debug_str     0x0000000000000000      0x196 D:/Mplabx/packs/Microchip/ATmega_DFP/3.1.264/xc8/avr/lib/avr5/crtatmega32a.o
 .debug_str     0x0000000000000196       0xbb build/default/production/main.o
 .debug_str     0x0000000000000251        0xb build/default/production/MY_UART.o
 .debug_str     0x000000000000025c        0xf build/default/production/LCD_4.o
 .debug_str     0x000000000000026b       0x17 build/default/production/DIO.o
 .debug_str     0x0000000000000282       0x42 build/default/production/motor_driver.o
 .debug_str     0x00000000000002c4       0x10 build/default/production/mtimer.o
 .debug_str     0x00000000000002d4       0x14 build/default/production/mPARSING.o

.debug_loc      0x0000000000000000     0x1696
 *(.debug_loc)
 .debug_loc     0x0000000000000000      0x4b0 build/default/production/MY_UART.o
 .debug_loc     0x00000000000004b0      0x38f build/default/production/LCD_4.o
 .debug_loc     0x000000000000083f      0x55a build/default/production/DIO.o
 .debug_loc     0x0000000000000d99       0x98 build/default/production/motor_driver.o
 .debug_loc     0x0000000000000e31      0x47d build/default/production/mtimer.o
 .debug_loc     0x00000000000012ae      0x3e8 build/default/production/mPARSING.o

.debug_macinfo
 *(.debug_macinfo)

.debug_weaknames
 *(.debug_weaknames)

.debug_funcnames
 *(.debug_funcnames)

.debug_typenames
 *(.debug_typenames)

.debug_varnames
 *(.debug_varnames)

.debug_pubtypes
 *(.debug_pubtypes)

.debug_ranges   0x0000000000000000      0x250
 *(.debug_ranges)
 .debug_ranges  0x0000000000000000       0x10 build/default/production/main.o
 .debug_ranges  0x0000000000000010       0x40 build/default/production/MY_UART.o
 .debug_ranges  0x0000000000000050       0x58 build/default/production/LCD_4.o
 .debug_ranges  0x00000000000000a8       0x40 build/default/production/DIO.o
 .debug_ranges  0x00000000000000e8       0x38 build/default/production/motor_driver.o
 .debug_ranges  0x0000000000000120      0x110 build/default/production/mtimer.o
 .debug_ranges  0x0000000000000230       0x20 build/default/production/mPARSING.o

.debug_macro
 *(.debug_macro)
OUTPUT(dist/default/production/Car_Module.X.production.elf elf32-avr)
LOAD linker stubs
LOAD data_init

.note.gnu.avr.deviceinfo
                0x0000000000000000       0x3c
 .note.gnu.avr.deviceinfo
                0x0000000000000000       0x3c D:/Mplabx/packs/Microchip/ATmega_DFP/3.1.264/xc8/avr/lib/avr5/crtatmega32a.o

.text.init_uart
                0x00000000000000b0      0x12a
 .text.init_uart
                0x00000000000000b0      0x12a build/default/production/MY_UART.o
                0x00000000000000b0                init_uart

.text.setPIN_dir
                0x00000000000001da       0xf2
 .text.setPIN_dir
                0x00000000000001da       0xf2 build/default/production/DIO.o
                0x00000000000001da                setPIN_dir

.text.setPIN    0x00000000000002cc       0xf2
 .text.setPIN   0x00000000000002cc       0xf2 build/default/production/DIO.o
                0x00000000000002cc                setPIN

.text           0x00000000000003be       0xde
 .text          0x00000000000003be       0xde d:/mplabx/xc8/avr/bin/../lib/gcc/avr/5.4.0/../../../../avr/lib/avr5\libm.a(divsf3x.o)
                0x00000000000003be                __divsf3x
                0x00000000000003e6                __divsf3_pse

.text.main      0x000000000000049c       0xd8
 .text.main     0x000000000000049c       0xd8 build/default/production/main.o
                0x000000000000049c                main

.text           0x0000000000000574       0xce
 .text          0x0000000000000574       0xce d:/mplabx/xc8/avr/bin/../lib/gcc/avr/5.4.0/../../../../avr/lib/avr5\libm.a(addsf3x.o)
                0x0000000000000574                __addsf3x

.text.parse_mpu_data
                0x0000000000000642       0xa6
 .text.parse_mpu_data
                0x0000000000000642       0xa6 build/default/production/mPARSING.o
                0x0000000000000642                parse_mpu_data

.text.itoa      0x00000000000006e8       0x80
 .text.itoa     0x00000000000006e8       0x80 build/default/production/MY_UART.o
                0x00000000000006e8                itoa

.text.setPort_dirVal
                0x0000000000000768       0x80
 .text.setPort_dirVal
                0x0000000000000768       0x80 build/default/production/DIO.o
                0x0000000000000768                setPort_dirVal

.text.extract_number
                0x00000000000007e8       0x7c
 .text.extract_number
                0x00000000000007e8       0x7c build/default/production/mPARSING.o
                0x00000000000007e8                extract_number

.text           0x0000000000000864       0x7a
 .text          0x0000000000000864       0x7a d:/mplabx/xc8/avr/bin/../lib/gcc/avr/5.4.0/../../../../avr/lib/avr5\libm.a(floatsisf.o)
                0x0000000000000864                __floatunsisf
                0x0000000000000868                __floatsisf

.text.init_motor
                0x00000000000008de       0x68
 .text.init_motor
                0x00000000000008de       0x68 build/default/production/motor_driver.o
                0x00000000000008de                init_motor

.text           0x0000000000000946       0x5e
 .text          0x0000000000000946       0x5e d:/mplabx/xc8/avr/bin/../lib/gcc/avr/5.4.0/../../../../avr/lib/avr5\libm.a(fixunssfsi.o)
                0x0000000000000946                __fixunssfsi

.text.LCD4_WRITE
                0x00000000000009a4       0x4e
 .text.LCD4_WRITE
                0x00000000000009a4       0x4e build/default/production/LCD_4.o
                0x00000000000009a4                LCD4_WRITE

.text.init_LCD4
                0x00000000000009f2       0x48
 .text.init_LCD4
                0x00000000000009f2       0x48 build/default/production/LCD_4.o
                0x00000000000009f2                init_LCD4

.text.find_char_after
                0x0000000000000a3a       0x44
 .text.find_char_after
                0x0000000000000a3a       0x44 build/default/production/mPARSING.o
                0x0000000000000a3a                find_char_after

.text           0x0000000000000a7e       0x44
 .text          0x0000000000000a7e       0x44 d:/mplabx/xc8/avr/bin/../lib/gcc/avr/5.4.0/../../../../avr/lib/avr5\libm.a(fp_split3.o)
                0x0000000000000a7e                __fp_split3
                0x0000000000000a8e                __fp_splitA

.text.LCD4_CMD  0x0000000000000ac2       0x42
 .text.LCD4_CMD
                0x0000000000000ac2       0x42 build/default/production/LCD_4.o
                0x0000000000000ac2                LCD4_CMD

.text.reverse   0x0000000000000b04       0x3a
 .text.reverse  0x0000000000000b04       0x3a build/default/production/MY_UART.o
                0x0000000000000b04                reverse

.text.LCD4_WRITE_NUM
                0x0000000000000b3e       0x38
 .text.LCD4_WRITE_NUM
                0x0000000000000b3e       0x38 build/default/production/LCD_4.o
                0x0000000000000b3e                LCD4_WRITE_NUM

.text.timer2_selectMode
                0x0000000000000b76       0x36
 .text.timer2_selectMode
                0x0000000000000b76       0x36 build/default/production/mtimer.o
                0x0000000000000b76                timer2_selectMode

.text.move_forward
                0x0000000000000bac       0x2c
 .text.move_forward
                0x0000000000000bac       0x2c build/default/production/motor_driver.o
                0x0000000000000bac                move_forward

.text.move_backward
                0x0000000000000bd8       0x2c
 .text.move_backward
                0x0000000000000bd8       0x2c build/default/production/motor_driver.o
                0x0000000000000bd8                move_backward

.text.move_right
                0x0000000000000c04       0x2c
 .text.move_right
                0x0000000000000c04       0x2c build/default/production/motor_driver.o
                0x0000000000000c04                move_right

.text.move_left
                0x0000000000000c30       0x2c
 .text.move_left
                0x0000000000000c30       0x2c build/default/production/motor_driver.o
                0x0000000000000c30                move_left

.text.stop_motor
                0x0000000000000c5c       0x2c
 .text.stop_motor
                0x0000000000000c5c       0x2c build/default/production/motor_driver.o
                0x0000000000000c5c                stop_motor

.text.libgcc.div
                0x0000000000000c88       0x28
 .text.libgcc.div
                0x0000000000000c88       0x28 d:/mplabx/xc8/avr/bin/../lib/gcc/avr/5.4.0/avr5\libgcc.a(_divmodhi4.o)
                0x0000000000000c88                _div
                0x0000000000000c88                __divmodhi4

.text.libgcc.div
                0x0000000000000cb0       0x28
 .text.libgcc.div
                0x0000000000000cb0       0x28 d:/mplabx/xc8/avr/bin/../lib/gcc/avr/5.4.0/avr5\libgcc.a(_udivmodhi4.o)
                0x0000000000000cb0                __udivmodhi4

.text.LCD4_CLEAR
                0x0000000000000cd8       0x26
 .text.LCD4_CLEAR
                0x0000000000000cd8       0x26 build/default/production/LCD_4.o
                0x0000000000000cd8                LCD4_CLEAR

.text.strcat    0x0000000000000cfe       0x26
 .text.strcat   0x0000000000000cfe       0x26 d:/mplabx/xc8/avr/bin/../lib/gcc/avr/5.4.0/../../../../avr/lib/avr5\libc.a(strcat.o)
                0x0000000000000cfe                strcat

.text           0x0000000000000d24       0x22
 .text          0x0000000000000d24       0x22 d:/mplabx/xc8/avr/bin/../lib/gcc/avr/5.4.0/../../../../avr/lib/avr5\libm.a(fp_round.o)
                0x0000000000000d24                __fp_round

.text.LCD4_SWRITE
                0x0000000000000d46       0x1e
 .text.LCD4_SWRITE
                0x0000000000000d46       0x1e build/default/production/LCD_4.o
                0x0000000000000d46                LCD4_SWRITE

.text.strlen    0x0000000000000d64       0x1c
 .text.strlen   0x0000000000000d64       0x1c d:/mplabx/xc8/avr/bin/../lib/gcc/avr/5.4.0/../../../../avr/lib/avr5\libc.a(strlen.o)
                0x0000000000000d64                strlen

.text.timer2_OC2_selectMode
                0x0000000000000d80       0x16
 .text.timer2_OC2_selectMode
                0x0000000000000d80       0x16 build/default/production/mtimer.o
                0x0000000000000d80                timer2_OC2_selectMode

.text.exit      0x0000000000000d96       0x16
 .text.exit     0x0000000000000d96       0x16 d:/mplabx/xc8/avr/bin/../lib/gcc/avr/5.4.0/../../../../avr/lib/avr5\libc.a(exit.o)
                0x0000000000000d96                exit

.text.LCD4_EN   0x0000000000000dac       0x12
 .text.LCD4_EN  0x0000000000000dac       0x12 build/default/production/LCD_4.o
                0x0000000000000dac                LCD4_EN

.text.LCD4_SetCursor
                0x0000000000000dbe       0x12
 .text.LCD4_SetCursor
                0x0000000000000dbe       0x12 build/default/production/LCD_4.o
                0x0000000000000dbe                LCD4_SetCursor

.text.initTimer2
                0x0000000000000dd0       0x12
 .text.initTimer2
                0x0000000000000dd0       0x12 build/default/production/mtimer.o
                0x0000000000000dd0                initTimer2

.text.strcpy    0x0000000000000de2       0x10
 .text.strcpy   0x0000000000000de2       0x10 d:/mplabx/xc8/avr/bin/../lib/gcc/avr/5.4.0/../../../../avr/lib/avr5\libc.a(strcpy.o)
                0x0000000000000de2                strcpy

.text.timer2_select_clock
                0x0000000000000df2        0xe
 .text.timer2_select_clock
                0x0000000000000df2        0xe build/default/production/mtimer.o
                0x0000000000000df2                timer2_select_clock

.text           0x0000000000000e00        0xe
 .text          0x0000000000000e00        0xe d:/mplabx/xc8/avr/bin/../lib/gcc/avr/5.4.0/../../../../avr/lib/avr5\libm.a(addsf3.o)
                0x0000000000000e00                __subsf3
                0x0000000000000e02                __addsf3

.text           0x0000000000000e0e        0xe
 .text          0x0000000000000e0e        0xe d:/mplabx/xc8/avr/bin/../lib/gcc/avr/5.4.0/../../../../avr/lib/avr5\libm.a(fixsfsi.o)
                0x0000000000000e0e                __fixsfsi

.text           0x0000000000000e1c        0xe
 .text          0x0000000000000e1c        0xe d:/mplabx/xc8/avr/bin/../lib/gcc/avr/5.4.0/../../../../avr/lib/avr5\libm.a(fp_pscA.o)
                0x0000000000000e1c                __fp_pscA

.text           0x0000000000000e2a        0xe
 .text          0x0000000000000e2a        0xe d:/mplabx/xc8/avr/bin/../lib/gcc/avr/5.4.0/../../../../avr/lib/avr5\libm.a(fp_pscB.o)
                0x0000000000000e2a                __fp_pscB

.text           0x0000000000000e38        0xe
 .text          0x0000000000000e38        0xe d:/mplabx/xc8/avr/bin/../lib/gcc/avr/5.4.0/../../../../avr/lib/avr5\libm.a(fp_zero.o)
                0x0000000000000e38                __fp_zero
                0x0000000000000e3a                __fp_szero

.text.timer2_OC2_init
                0x0000000000000e46        0xc
 .text.timer2_OC2_init
                0x0000000000000e46        0xc build/default/production/mtimer.o
                0x0000000000000e46                timer2_OC2_init

.text           0x0000000000000e52        0xc
 .text          0x0000000000000e52        0xc d:/mplabx/xc8/avr/bin/../lib/gcc/avr/5.4.0/../../../../avr/lib/avr5\libm.a(fp_inf.o)
                0x0000000000000e52                __fp_inf

.text.uart_receive_data
                0x0000000000000e5e        0xa
 .text.uart_receive_data
                0x0000000000000e5e        0xa build/default/production/MY_UART.o
                0x0000000000000e5e                uart_receive_data

.text.timer2_TOV_int_en
                0x0000000000000e68        0x8
 .text.timer2_TOV_int_en
                0x0000000000000e68        0x8 build/default/production/mtimer.o
                0x0000000000000e68                timer2_TOV_int_en

.text.timer2_COMP_int_en
                0x0000000000000e70        0x8
 .text.timer2_COMP_int_en
                0x0000000000000e70        0x8 build/default/production/mtimer.o
                0x0000000000000e70                timer2_COMP_int_en

.text           0x0000000000000e78        0x8
 .text          0x0000000000000e78        0x8 d:/mplabx/xc8/avr/bin/../lib/gcc/avr/5.4.0/../../../../avr/lib/avr5\libm.a(divsf3.o)
                0x0000000000000e78                __divsf3

.text           0x0000000000000e80        0x6
 .text          0x0000000000000e80        0x6 d:/mplabx/xc8/avr/bin/../lib/gcc/avr/5.4.0/../../../../avr/lib/avr5\libm.a(fp_nan.o)
                0x0000000000000e80                __fp_nan

.text           0x0000000000000e86        0x4
 .text          0x0000000000000e86        0x4 D:/Mplabx/packs/Microchip/ATmega_DFP/3.1.264/xc8/avr/lib/avr5/crtatmega32a.o
                0x0000000000000e86                __vector_1
                0x0000000000000e86                __vector_12
                0x0000000000000e86                __bad_interrupt
                0x0000000000000e86                __vector_6
                0x0000000000000e86                __vector_3
                0x0000000000000e86                __vector_11
                0x0000000000000e86                __vector_13
                0x0000000000000e86                __vector_17
                0x0000000000000e86                __vector_19
                0x0000000000000e86                __vector_7
                0x0000000000000e86                __vector_5
                0x0000000000000e86                __vector_4
                0x0000000000000e86                __vector_9
                0x0000000000000e86                __vector_2
                0x0000000000000e86                __vector_15
                0x0000000000000e86                __vector_8
                0x0000000000000e86                __vector_14
                0x0000000000000e86                __vector_10
                0x0000000000000e86                __vector_16
                0x0000000000000e86                __vector_18
                0x0000000000000e86                __vector_20

.text._Exit     0x0000000000000e8a        0x4
 .text._Exit    0x0000000000000e8a        0x4 d:/mplabx/xc8/avr/bin/../lib/gcc/avr/5.4.0/../../../../avr/lib/avr5\libc.a(_Exit.o)
                0x0000000000000e8a                _Exit

.text.__dummy_fini
                0x0000000000000e8e        0x2
 .text.__dummy_fini
                0x0000000000000e8e        0x2 d:/mplabx/xc8/avr/bin/../lib/gcc/avr/5.4.0/../../../../avr/lib/avr5\libc.a(exit.o)
                0x0000000000000e8e                _fini

.text.__dummy_funcs_on_exit
                0x0000000000000e90        0x2
 .text.__dummy_funcs_on_exit
                0x0000000000000e90        0x2 d:/mplabx/xc8/avr/bin/../lib/gcc/avr/5.4.0/../../../../avr/lib/avr5\libc.a(exit.o)
                0x0000000000000e90                __funcs_on_exit

.text.__dummy_simulator_exit
                0x0000000000000e92        0x2
 .text.__dummy_simulator_exit
                0x0000000000000e92        0x2 d:/mplabx/xc8/avr/bin/../lib/gcc/avr/5.4.0/../../../../avr/lib/avr5\libc.a(exit.o)
                0x0000000000000e92                __simulator_exit

.rodata         0x0000000000800060       0x16 load address 0x0000000000000e94
 .rodata        0x0000000000800060       0x16 build/default/production/main.o
