Archive member included to satisfy reference by file (symbol)

d:/mplabx/xc8/avr/bin/../lib/gcc/avr/5.4.0/../../../../avr/lib/avr5\libm.a(asinf.o)
                              build/default/production/MY_MPU.o (asinf)
d:/mplabx/xc8/avr/bin/../lib/gcc/avr/5.4.0/../../../../avr/lib/avr5\libm.a(addsf3.o)
                              build/default/production/MY_MPU.o (__subsf3)
d:/mplabx/xc8/avr/bin/../lib/gcc/avr/5.4.0/../../../../avr/lib/avr5\libm.a(addsf3x.o)
                              d:/mplabx/xc8/avr/bin/../lib/gcc/avr/5.4.0/../../../../avr/lib/avr5\libm.a(addsf3.o) (__addsf3x)
d:/mplabx/xc8/avr/bin/../lib/gcc/avr/5.4.0/../../../../avr/lib/avr5\libm.a(divsf3.o)
                              build/default/production/main.o (__divsf3)
d:/mplabx/xc8/avr/bin/../lib/gcc/avr/5.4.0/../../../../avr/lib/avr5\libm.a(divsf3x.o)
                              d:/mplabx/xc8/avr/bin/../lib/gcc/avr/5.4.0/../../../../avr/lib/avr5\libm.a(divsf3.o) (__divsf3x)
d:/mplabx/xc8/avr/bin/../lib/gcc/avr/5.4.0/../../../../avr/lib/avr5\libm.a(fixsfsi.o)
                              build/default/production/main.o (__fixsfsi)
d:/mplabx/xc8/avr/bin/../lib/gcc/avr/5.4.0/../../../../avr/lib/avr5\libm.a(fixunssfsi.o)
                              build/default/production/My_TimerCounter.o (__fixunssfsi)
d:/mplabx/xc8/avr/bin/../lib/gcc/avr/5.4.0/../../../../avr/lib/avr5\libm.a(floatsisf.o)
                              build/default/production/MY_MPU.o (__floatsisf)
d:/mplabx/xc8/avr/bin/../lib/gcc/avr/5.4.0/../../../../avr/lib/avr5\libm.a(fp_inf.o)
                              d:/mplabx/xc8/avr/bin/../lib/gcc/avr/5.4.0/../../../../avr/lib/avr5\libm.a(addsf3x.o) (__fp_inf)
d:/mplabx/xc8/avr/bin/../lib/gcc/avr/5.4.0/../../../../avr/lib/avr5\libm.a(fp_nan.o)
                              d:/mplabx/xc8/avr/bin/../lib/gcc/avr/5.4.0/../../../../avr/lib/avr5\libm.a(addsf3x.o) (__fp_nan)
d:/mplabx/xc8/avr/bin/../lib/gcc/avr/5.4.0/../../../../avr/lib/avr5\libm.a(fp_pscA.o)
                              d:/mplabx/xc8/avr/bin/../lib/gcc/avr/5.4.0/../../../../avr/lib/avr5\libm.a(addsf3x.o) (__fp_pscA)
d:/mplabx/xc8/avr/bin/../lib/gcc/avr/5.4.0/../../../../avr/lib/avr5\libm.a(fp_pscB.o)
                              d:/mplabx/xc8/avr/bin/../lib/gcc/avr/5.4.0/../../../../avr/lib/avr5\libm.a(addsf3x.o) (__fp_pscB)
d:/mplabx/xc8/avr/bin/../lib/gcc/avr/5.4.0/../../../../avr/lib/avr5\libm.a(fp_round.o)
                              d:/mplabx/xc8/avr/bin/../lib/gcc/avr/5.4.0/../../../../avr/lib/avr5\libm.a(addsf3.o) (__fp_round)
d:/mplabx/xc8/avr/bin/../lib/gcc/avr/5.4.0/../../../../avr/lib/avr5\libm.a(fp_split3.o)
                              d:/mplabx/xc8/avr/bin/../lib/gcc/avr/5.4.0/../../../../avr/lib/avr5\libm.a(addsf3x.o) (__fp_split3)
d:/mplabx/xc8/avr/bin/../lib/gcc/avr/5.4.0/../../../../avr/lib/avr5\libm.a(fp_zero.o)
                              d:/mplabx/xc8/avr/bin/../lib/gcc/avr/5.4.0/../../../../avr/lib/avr5\libm.a(addsf3x.o) (__fp_zero)
d:/mplabx/xc8/avr/bin/../lib/gcc/avr/5.4.0/../../../../avr/lib/avr5\libm.a(gesf2.o)
                              build/default/production/main.o (__gtsf2)
d:/mplabx/xc8/avr/bin/../lib/gcc/avr/5.4.0/../../../../avr/lib/avr5\libm.a(mulsf3.o)
                              build/default/production/main.o (__mulsf3)
d:/mplabx/xc8/avr/bin/../lib/gcc/avr/5.4.0/../../../../avr/lib/avr5\libm.a(mulsf3x.o)
                              d:/mplabx/xc8/avr/bin/../lib/gcc/avr/5.4.0/../../../../avr/lib/avr5\libm.a(mulsf3.o) (__mulsf3x)
d:/mplabx/xc8/avr/bin/../lib/gcc/avr/5.4.0/../../../../avr/lib/avr5\libm.a(sinf.o)
                              build/default/production/MY_MPU.o (sinf)
d:/mplabx/xc8/avr/bin/../lib/gcc/avr/5.4.0/../../../../avr/lib/avr5\libm.a(sqrtf.o)
                              build/default/production/MY_MPU.o (sqrt)
d:/mplabx/xc8/avr/bin/../lib/gcc/avr/5.4.0/../../../../avr/lib/avr5\libm.a(fabsf.o)
                              d:/mplabx/xc8/avr/bin/../lib/gcc/avr/5.4.0/../../../../avr/lib/avr5\libm.a(asinf.o) (fabsf)
d:/mplabx/xc8/avr/bin/../lib/gcc/avr/5.4.0/../../../../avr/lib/avr5\libm.a(__cosdf.o)
                              d:/mplabx/xc8/avr/bin/../lib/gcc/avr/5.4.0/../../../../avr/lib/avr5\libm.a(sinf.o) (__cosdf)
d:/mplabx/xc8/avr/bin/../lib/gcc/avr/5.4.0/../../../../avr/lib/avr5\libm.a(__sindf.o)
                              d:/mplabx/xc8/avr/bin/../lib/gcc/avr/5.4.0/../../../../avr/lib/avr5\libm.a(sinf.o) (__sindf)
d:/mplabx/xc8/avr/bin/../lib/gcc/avr/5.4.0/../../../../avr/lib/avr5\libm.a(__rem_pio2f.o)
                              d:/mplabx/xc8/avr/bin/../lib/gcc/avr/5.4.0/../../../../avr/lib/avr5\libm.a(sinf.o) (__rem_pio2f)
d:/mplabx/xc8/avr/bin/../lib/gcc/avr/5.4.0/../../../../avr/lib/avr5\libm.a(fp_cmp.o)
                              d:/mplabx/xc8/avr/bin/../lib/gcc/avr/5.4.0/../../../../avr/lib/avr5\libm.a(gesf2.o) (__fp_cmp)
d:/mplabx/xc8/avr/bin/../lib/gcc/avr/5.4.0/avr5\libgcc.a(_divmodhi4.o)
                              build/default/production/main.o (__divmodhi4)
d:/mplabx/xc8/avr/bin/../lib/gcc/avr/5.4.0/avr5\libgcc.a(_divmodsi4.o)
                              build/default/production/MY_MPU.o (__divmodsi4)
d:/mplabx/xc8/avr/bin/../lib/gcc/avr/5.4.0/avr5\libgcc.a(_negsi2.o)
                              d:/mplabx/xc8/avr/bin/../lib/gcc/avr/5.4.0/avr5\libgcc.a(_divmodsi4.o) (__negsi2)
d:/mplabx/xc8/avr/bin/../lib/gcc/avr/5.4.0/avr5\libgcc.a(_tablejump2.o)
                              build/default/production/My_TimerCounter.o (__tablejump2__)
d:/mplabx/xc8/avr/bin/../lib/gcc/avr/5.4.0/avr5\libgcc.a(_copy_data.o)
                              build/default/production/main.o (__do_copy_data)
d:/mplabx/xc8/avr/bin/../lib/gcc/avr/5.4.0/avr5\libgcc.a(_prologue.o)
                              d:/mplabx/xc8/avr/bin/../lib/gcc/avr/5.4.0/../../../../avr/lib/avr5\libm.a(sinf.o) (__prologue_saves__)
d:/mplabx/xc8/avr/bin/../lib/gcc/avr/5.4.0/avr5\libgcc.a(_epilogue.o)
                              d:/mplabx/xc8/avr/bin/../lib/gcc/avr/5.4.0/../../../../avr/lib/avr5\libm.a(sinf.o) (__epilogue_restores__)
d:/mplabx/xc8/avr/bin/../lib/gcc/avr/5.4.0/avr5\libgcc.a(_udivmodhi4.o)
                              d:/mplabx/xc8/avr/bin/../lib/gcc/avr/5.4.0/avr5\libgcc.a(_divmodhi4.o) (__udivmodhi4)
d:/mplabx/xc8/avr/bin/../lib/gcc/avr/5.4.0/avr5\libgcc.a(_udivmodsi4.o)
                              d:/mplabx/xc8/avr/bin/../lib/gcc/avr/5.4.0/avr5\libgcc.a(_divmodsi4.o) (__udivmodsi4)
d:/mplabx/xc8/avr/bin/../lib/gcc/avr/5.4.0/../../../../avr/lib/avr5\libc.a(errno.o)
                              d:/mplabx/xc8/avr/bin/../lib/gcc/avr/5.4.0/../../../../avr/lib/avr5\libm.a(asinf.o) (__errno_val)
d:/mplabx/xc8/avr/bin/../lib/gcc/avr/5.4.0/../../../../avr/lib/avr5\libc.a(exit.o)
                              D:/Mplabx/packs/Microchip/ATmega_DFP/3.1.264/xc8/avr/lib/avr5/crtatmega32a.o (exit)
d:/mplabx/xc8/avr/bin/../lib/gcc/avr/5.4.0/../../../../avr/lib/avr5\libc.a(_Exit.o)
                              d:/mplabx/xc8/avr/bin/../lib/gcc/avr/5.4.0/../../../../avr/lib/avr5\libc.a(exit.o) (_Exit)
d:/mplabx/xc8/avr/bin/../lib/gcc/avr/5.4.0/avr5\libgcc.a(_exit.o)
                              d:/mplabx/xc8/avr/bin/../lib/gcc/avr/5.4.0/../../../../avr/lib/avr5\libc.a(_Exit.o) (_exit)

Allocating common symbols
Common symbol       size              file

__errno_val         0x2               d:/mplabx/xc8/avr/bin/../lib/gcc/avr/5.4.0/../../../../avr/lib/avr5\libc.a(errno.o)

Discarded input sections

 .data          0x0000000000000000        0x0 D:/Mplabx/packs/Microchip/ATmega_DFP/3.1.264/xc8/avr/lib/avr5/crtatmega32a.o
 .bss           0x0000000000000000        0x0 D:/Mplabx/packs/Microchip/ATmega_DFP/3.1.264/xc8/avr/lib/avr5/crtatmega32a.o
 .text          0x0000000000000000        0x0 build/default/production/main.o
 .data          0x0000000000000000        0x0 build/default/production/main.o
 .bss           0x0000000000000000        0x0 build/default/production/main.o
 .text          0x0000000000000000        0x0 build/default/production/MY_MPU.o
 .data          0x0000000000000000        0x0 build/default/production/MY_MPU.o
 .bss           0x0000000000000000        0x0 build/default/production/MY_MPU.o
 .text.MPU6050_setLPF
                0x0000000000000000        0xa build/default/production/MY_MPU.o
 .text.MPU6050_setInterruptEnable
                0x0000000000000000        0xa build/default/production/MY_MPU.o
 .text.initAngleState
                0x0000000000000000       0x24 build/default/production/MY_MPU.o
 .text          0x0000000000000000        0x0 build/default/production/MY_UART.o
 .data          0x0000000000000000        0x0 build/default/production/MY_UART.o
 .bss           0x0000000000000000        0x0 build/default/production/MY_UART.o
 .text.uart_receive_data
                0x0000000000000000       0x14 build/default/production/MY_UART.o
 .text.uart_send_num
                0x0000000000000000       0x38 build/default/production/MY_UART.o
 .text          0x0000000000000000        0x0 build/default/production/DIO.o
 .data          0x0000000000000000        0x0 build/default/production/DIO.o
 .bss           0x0000000000000000        0x0 build/default/production/DIO.o
 .text.setPort_dir
                0x0000000000000000       0x60 build/default/production/DIO.o
 .text.setPort_dirVal
                0x0000000000000000       0x80 build/default/production/DIO.o
 .text.setPIN   0x0000000000000000       0xf2 build/default/production/DIO.o
 .text.readPort
                0x0000000000000000       0x24 build/default/production/DIO.o
 .text.readPIN  0x0000000000000000       0x64 build/default/production/DIO.o
 .text.togglePIN
                0x0000000000000000       0x68 build/default/production/DIO.o
 .text          0x0000000000000000        0x0 build/default/production/myI2C.o
 .data          0x0000000000000000        0x0 build/default/production/myI2C.o
 .bss           0x0000000000000000        0x0 build/default/production/myI2C.o
 .text.init_I2C
                0x0000000000000000        0x8 build/default/production/myI2C.o
 .text.I2C_Send_Start
                0x0000000000000000        0x6 build/default/production/myI2C.o
 .text.I2C_wait
                0x0000000000000000        0x8 build/default/production/myI2C.o
 .text.I2C_Check_Status
                0x0000000000000000       0x16 build/default/production/myI2C.o
 .text.I2C_Send_SLA
                0x0000000000000000       0x12 build/default/production/myI2C.o
 .text.I2C_Send_Data
                0x0000000000000000        0x8 build/default/production/myI2C.o
 .text.I2C_Send_Stop
                0x0000000000000000        0x6 build/default/production/myI2C.o
 .text.I2C_Prepare_ACK
                0x0000000000000000        0x6 build/default/production/myI2C.o
 .text.I2C_Prepare_NACK
                0x0000000000000000        0x6 build/default/production/myI2C.o
 .text.I2C_Master_Recieve
                0x0000000000000000       0x66 build/default/production/myI2C.o
 .text.I2C_Master_Transmit_Buffer
                0x0000000000000000       0x94 build/default/production/myI2C.o
 .text.I2C_Master_Recieve_Buffer
                0x0000000000000000       0xce build/default/production/myI2C.o
 .text.I2C_Slave_Transmit
                0x0000000000000000       0x34 build/default/production/myI2C.o
 .text.I2C_Slave_Recieve
                0x0000000000000000       0x44 build/default/production/myI2C.o
 .text.I2C_Slave_Recieve_Buffer
                0x0000000000000000       0x70 build/default/production/myI2C.o
 .text.I2C_Slave_Transmit_Buffer
                0x0000000000000000       0x62 build/default/production/myI2C.o
 .debug_info    0x0000000000000000      0xafd build/default/production/myI2C.o
 .debug_abbrev  0x0000000000000000      0x1c1 build/default/production/myI2C.o
 .debug_loc     0x0000000000000000      0x4f4 build/default/production/myI2C.o
 .debug_aranges
                0x0000000000000000       0x98 build/default/production/myI2C.o
 .debug_ranges  0x0000000000000000      0x100 build/default/production/myI2C.o
 .debug_line    0x0000000000000000      0x4ad build/default/production/myI2C.o
 .debug_str     0x0000000000000000       0x17 build/default/production/myI2C.o
 .comment       0x0000000000000000       0x30 build/default/production/myI2C.o
 .debug_frame   0x0000000000000000      0x1a0 build/default/production/myI2C.o
 .text          0x0000000000000000        0x0 build/default/production/mpu_i2c.o
 .data          0x0000000000000000        0x0 build/default/production/mpu_i2c.o
 .bss           0x0000000000000000        0x0 build/default/production/mpu_i2c.o
 .text.I2C_Start
                0x0000000000000000       0x3a build/default/production/mpu_i2c.o
 .text          0x0000000000000000        0x0 build/default/production/int_to_arr.o
 .data          0x0000000000000000        0x0 build/default/production/int_to_arr.o
 .bss           0x0000000000000000        0x0 build/default/production/int_to_arr.o
 .text.reverse  0x0000000000000000       0x3a build/default/production/int_to_arr.o
 .text.itoa     0x0000000000000000       0x80 build/default/production/int_to_arr.o
 .debug_info    0x0000000000000000      0x267 build/default/production/int_to_arr.o
 .debug_abbrev  0x0000000000000000       0xa0 build/default/production/int_to_arr.o
 .debug_loc     0x0000000000000000      0x169 build/default/production/int_to_arr.o
 .debug_aranges
                0x0000000000000000       0x28 build/default/production/int_to_arr.o
 .debug_ranges  0x0000000000000000       0x18 build/default/production/int_to_arr.o
 .debug_line    0x0000000000000000       0xb0 build/default/production/int_to_arr.o
 .debug_str     0x0000000000000000        0x0 build/default/production/int_to_arr.o
 .comment       0x0000000000000000       0x30 build/default/production/int_to_arr.o
 .debug_frame   0x0000000000000000       0x5c build/default/production/int_to_arr.o
 .text          0x0000000000000000        0x0 build/default/production/My_TimerCounter.o
 .data          0x0000000000000000        0x0 build/default/production/My_TimerCounter.o
 .bss           0x0000000000000000        0x0 build/default/production/My_TimerCounter.o
 .text.Timer0_COMP_MODE
                0x0000000000000000       0x20 build/default/production/My_TimerCounter.o
 .text.Timer0_init_OC0
                0x0000000000000000       0x14 build/default/production/My_TimerCounter.o
 .text.Change_OCR0
                0x0000000000000000        0x4 build/default/production/My_TimerCounter.o
 .text.initNormalMode_Timer_Counter0
                0x0000000000000000       0x24 build/default/production/My_TimerCounter.o
 .text.Timer2_INT_EN_OCM
                0x0000000000000000        0x8 build/default/production/My_TimerCounter.o
 .text.Timer2_COMP_MODE
                0x0000000000000000       0x20 build/default/production/My_TimerCounter.o
 .text.Timer2_init_OC2
                0x0000000000000000       0x14 build/default/production/My_TimerCounter.o
 .text.Change_OCR2
                0x0000000000000000        0x4 build/default/production/My_TimerCounter.o
 .text.init_Timer2_WithOCR2
                0x0000000000000000       0x52 build/default/production/My_TimerCounter.o
 .text.Timer2_INT_DISABLE_OCM
                0x0000000000000000        0x8 build/default/production/My_TimerCounter.o
 .text.Timer2_INT_DISABLE_TOVF
                0x0000000000000000        0x8 build/default/production/My_TimerCounter.o
 .text.WAIT_UNTIL_LOAD_DATA_TIMER2
                0x0000000000000000       0x14 build/default/production/My_TimerCounter.o
 .text.Clear_Timer2_Flags
                0x0000000000000000        0x8 build/default/production/My_TimerCounter.o
 .text.ChangeBet_SyncAsync
                0x0000000000000000       0x88 build/default/production/My_TimerCounter.o
 .text.Timer1_setClk
                0x0000000000000000       0x16 build/default/production/My_TimerCounter.o
 .text.Timer1_setMode
                0x0000000000000000       0xda build/default/production/My_TimerCounter.o
 .progmem.gcc_sw_table.Timer1_setMode
                0x0000000000000000       0x20 build/default/production/My_TimerCounter.o
 .text.Timer1_INT_EN_TOVF
                0x0000000000000000        0x8 build/default/production/My_TimerCounter.o
 .text.Timer1_INT_EN_OCMA
                0x0000000000000000        0x8 build/default/production/My_TimerCounter.o
 .text.Timer1_INT_EN_OCMB
                0x0000000000000000        0x8 build/default/production/My_TimerCounter.o
 .text.Timer1_INT_EN_ICR1
                0x0000000000000000        0x8 build/default/production/My_TimerCounter.o
 .text.Timer1_INT_DISABLE_TOVF
                0x0000000000000000        0x8 build/default/production/My_TimerCounter.o
 .text.Timer1_COMP_MODE
                0x0000000000000000       0x3e build/default/production/My_TimerCounter.o
 .text.Timer1_init_OC1
                0x0000000000000000       0x1e build/default/production/My_TimerCounter.o
 .text.Change_OCR1A
                0x0000000000000000        0x8 build/default/production/My_TimerCounter.o
 .text.Change_OCR1B
                0x0000000000000000        0x8 build/default/production/My_TimerCounter.o
 .text.init_Timer1_WithOCR1A_AND_B
                0x0000000000000000       0xa2 build/default/production/My_TimerCounter.o
 .progmem.gcc_sw_table.init_Timer1_WithOCR1A_AND_B
                0x0000000000000000       0x1e build/default/production/My_TimerCounter.o
 .text.initNormalMode_Timer_Counter1
                0x0000000000000000       0x24 build/default/production/My_TimerCounter.o
 .text.ICP1_EN  0x0000000000000000       0x14 build/default/production/My_TimerCounter.o
 .text.Timer1_INT_Disable_ICR1
                0x0000000000000000        0x8 build/default/production/My_TimerCounter.o
 .text.Clear_ICF1
                0x0000000000000000        0x8 build/default/production/My_TimerCounter.o
 .text.Timer1_Change_TrigSource
                0x0000000000000000       0x14 build/default/production/My_TimerCounter.o
 .text.AC_INT_EN
                0x0000000000000000        0xc build/default/production/My_TimerCounter.o
 .text.Timer1_Enable_NoiseCanceler
                0x0000000000000000        0x8 build/default/production/My_TimerCounter.o
 .text.Timer1_EdgeDetect_Mode
                0x0000000000000000       0x1e build/default/production/My_TimerCounter.o
 .text.Read_ICR
                0x0000000000000000        0x6 build/default/production/My_TimerCounter.o
 .text.Read_ICRL
                0x0000000000000000        0x4 build/default/production/My_TimerCounter.o
 .text.Read_ICRH
                0x0000000000000000        0x4 build/default/production/My_TimerCounter.o
 .text.init_ICU_Timer1
                0x0000000000000000       0x34 build/default/production/My_TimerCounter.o
 .text.Set_DutyCycle
                0x0000000000000000       0x68 build/default/production/My_TimerCounter.o
 .text.get_DutyCycle
                0x0000000000000000       0x3a build/default/production/My_TimerCounter.o
 .text          0x0000000000000000        0x0 d:/mplabx/xc8/avr/bin/../lib/gcc/avr/5.4.0/../../../../avr/lib/avr5\libm.a(asinf.o)
 .data          0x0000000000000000        0x0 d:/mplabx/xc8/avr/bin/../lib/gcc/avr/5.4.0/../../../../avr/lib/avr5\libm.a(asinf.o)
 .bss           0x0000000000000000        0x0 d:/mplabx/xc8/avr/bin/../lib/gcc/avr/5.4.0/../../../../avr/lib/avr5\libm.a(asinf.o)
 .stack.descriptors
                0x0000000000000000       0x13 d:/mplabx/xc8/avr/bin/../lib/gcc/avr/5.4.0/../../../../avr/lib/avr5\libm.a(asinf.o)
 .data          0x0000000000000000        0x0 d:/mplabx/xc8/avr/bin/../lib/gcc/avr/5.4.0/../../../../avr/lib/avr5\libm.a(addsf3.o)
 .bss           0x0000000000000000        0x0 d:/mplabx/xc8/avr/bin/../lib/gcc/avr/5.4.0/../../../../avr/lib/avr5\libm.a(addsf3.o)
 .stack.descriptors
                0x0000000000000000       0x2c d:/mplabx/xc8/avr/bin/../lib/gcc/avr/5.4.0/../../../../avr/lib/avr5\libm.a(addsf3.o)
 .data          0x0000000000000000        0x0 d:/mplabx/xc8/avr/bin/../lib/gcc/avr/5.4.0/../../../../avr/lib/avr5\libm.a(addsf3x.o)
 .bss           0x0000000000000000        0x0 d:/mplabx/xc8/avr/bin/../lib/gcc/avr/5.4.0/../../../../avr/lib/avr5\libm.a(addsf3x.o)
 .stack.descriptors
                0x0000000000000000       0x17 d:/mplabx/xc8/avr/bin/../lib/gcc/avr/5.4.0/../../../../avr/lib/avr5\libm.a(addsf3x.o)
 .data          0x0000000000000000        0x0 d:/mplabx/xc8/avr/bin/../lib/gcc/avr/5.4.0/../../../../avr/lib/avr5\libm.a(divsf3.o)
 .bss           0x0000000000000000        0x0 d:/mplabx/xc8/avr/bin/../lib/gcc/avr/5.4.0/../../../../avr/lib/avr5\libm.a(divsf3.o)
 .stack.descriptors
                0x0000000000000000       0x16 d:/mplabx/xc8/avr/bin/../lib/gcc/avr/5.4.0/../../../../avr/lib/avr5\libm.a(divsf3.o)
 .data          0x0000000000000000        0x0 d:/mplabx/xc8/avr/bin/../lib/gcc/avr/5.4.0/../../../../avr/lib/avr5\libm.a(divsf3x.o)
 .bss           0x0000000000000000        0x0 d:/mplabx/xc8/avr/bin/../lib/gcc/avr/5.4.0/../../../../avr/lib/avr5\libm.a(divsf3x.o)
 .stack.descriptors
                0x0000000000000000       0x31 d:/mplabx/xc8/avr/bin/../lib/gcc/avr/5.4.0/../../../../avr/lib/avr5\libm.a(divsf3x.o)
 .data          0x0000000000000000        0x0 d:/mplabx/xc8/avr/bin/../lib/gcc/avr/5.4.0/../../../../avr/lib/avr5\libm.a(fixsfsi.o)
 .bss           0x0000000000000000        0x0 d:/mplabx/xc8/avr/bin/../lib/gcc/avr/5.4.0/../../../../avr/lib/avr5\libm.a(fixsfsi.o)
 .stack.descriptors
                0x0000000000000000       0x17 d:/mplabx/xc8/avr/bin/../lib/gcc/avr/5.4.0/../../../../avr/lib/avr5\libm.a(fixsfsi.o)
 .data          0x0000000000000000        0x0 d:/mplabx/xc8/avr/bin/../lib/gcc/avr/5.4.0/../../../../avr/lib/avr5\libm.a(fixunssfsi.o)
 .bss           0x0000000000000000        0x0 d:/mplabx/xc8/avr/bin/../lib/gcc/avr/5.4.0/../../../../avr/lib/avr5\libm.a(fixunssfsi.o)
 .stack.descriptors
                0x0000000000000000       0x1a d:/mplabx/xc8/avr/bin/../lib/gcc/avr/5.4.0/../../../../avr/lib/avr5\libm.a(fixunssfsi.o)
 .data          0x0000000000000000        0x0 d:/mplabx/xc8/avr/bin/../lib/gcc/avr/5.4.0/../../../../avr/lib/avr5\libm.a(floatsisf.o)
 .bss           0x0000000000000000        0x0 d:/mplabx/xc8/avr/bin/../lib/gcc/avr/5.4.0/../../../../avr/lib/avr5\libm.a(floatsisf.o)
 .stack.descriptors
                0x0000000000000000       0x34 d:/mplabx/xc8/avr/bin/../lib/gcc/avr/5.4.0/../../../../avr/lib/avr5\libm.a(floatsisf.o)
 .data          0x0000000000000000        0x0 d:/mplabx/xc8/avr/bin/../lib/gcc/avr/5.4.0/../../../../avr/lib/avr5\libm.a(fp_inf.o)
 .bss           0x0000000000000000        0x0 d:/mplabx/xc8/avr/bin/../lib/gcc/avr/5.4.0/../../../../avr/lib/avr5\libm.a(fp_inf.o)
 .stack.descriptors
                0x0000000000000000       0x16 d:/mplabx/xc8/avr/bin/../lib/gcc/avr/5.4.0/../../../../avr/lib/avr5\libm.a(fp_inf.o)
 .data          0x0000000000000000        0x0 d:/mplabx/xc8/avr/bin/../lib/gcc/avr/5.4.0/../../../../avr/lib/avr5\libm.a(fp_nan.o)
 .bss           0x0000000000000000        0x0 d:/mplabx/xc8/avr/bin/../lib/gcc/avr/5.4.0/../../../../avr/lib/avr5\libm.a(fp_nan.o)
 .stack.descriptors
                0x0000000000000000       0x16 d:/mplabx/xc8/avr/bin/../lib/gcc/avr/5.4.0/../../../../avr/lib/avr5\libm.a(fp_nan.o)
 .data          0x0000000000000000        0x0 d:/mplabx/xc8/avr/bin/../lib/gcc/avr/5.4.0/../../../../avr/lib/avr5\libm.a(fp_pscA.o)
 .bss           0x0000000000000000        0x0 d:/mplabx/xc8/avr/bin/../lib/gcc/avr/5.4.0/../../../../avr/lib/avr5\libm.a(fp_pscA.o)
 .stack.descriptors
                0x0000000000000000       0x17 d:/mplabx/xc8/avr/bin/../lib/gcc/avr/5.4.0/../../../../avr/lib/avr5\libm.a(fp_pscA.o)
 .data          0x0000000000000000        0x0 d:/mplabx/xc8/avr/bin/../lib/gcc/avr/5.4.0/../../../../avr/lib/avr5\libm.a(fp_pscB.o)
 .bss           0x0000000000000000        0x0 d:/mplabx/xc8/avr/bin/../lib/gcc/avr/5.4.0/../../../../avr/lib/avr5\libm.a(fp_pscB.o)
 .stack.descriptors
                0x0000000000000000       0x17 d:/mplabx/xc8/avr/bin/../lib/gcc/avr/5.4.0/../../../../avr/lib/avr5\libm.a(fp_pscB.o)
 .data          0x0000000000000000        0x0 d:/mplabx/xc8/avr/bin/../lib/gcc/avr/5.4.0/../../../../avr/lib/avr5\libm.a(fp_round.o)
 .bss           0x0000000000000000        0x0 d:/mplabx/xc8/avr/bin/../lib/gcc/avr/5.4.0/../../../../avr/lib/avr5\libm.a(fp_round.o)
 .stack.descriptors
                0x0000000000000000       0x18 d:/mplabx/xc8/avr/bin/../lib/gcc/avr/5.4.0/../../../../avr/lib/avr5\libm.a(fp_round.o)
 .data          0x0000000000000000        0x0 d:/mplabx/xc8/avr/bin/../lib/gcc/avr/5.4.0/../../../../avr/lib/avr5\libm.a(fp_split3.o)
 .bss           0x0000000000000000        0x0 d:/mplabx/xc8/avr/bin/../lib/gcc/avr/5.4.0/../../../../avr/lib/avr5\libm.a(fp_split3.o)
 .stack.descriptors
                0x0000000000000000       0x32 d:/mplabx/xc8/avr/bin/../lib/gcc/avr/5.4.0/../../../../avr/lib/avr5\libm.a(fp_split3.o)
 .data          0x0000000000000000        0x0 d:/mplabx/xc8/avr/bin/../lib/gcc/avr/5.4.0/../../../../avr/lib/avr5\libm.a(fp_zero.o)
 .bss           0x0000000000000000        0x0 d:/mplabx/xc8/avr/bin/../lib/gcc/avr/5.4.0/../../../../avr/lib/avr5\libm.a(fp_zero.o)
 .stack.descriptors
                0x0000000000000000       0x2f d:/mplabx/xc8/avr/bin/../lib/gcc/avr/5.4.0/../../../../avr/lib/avr5\libm.a(fp_zero.o)
 .data          0x0000000000000000        0x0 d:/mplabx/xc8/avr/bin/../lib/gcc/avr/5.4.0/../../../../avr/lib/avr5\libm.a(gesf2.o)
 .bss           0x0000000000000000        0x0 d:/mplabx/xc8/avr/bin/../lib/gcc/avr/5.4.0/../../../../avr/lib/avr5\libm.a(gesf2.o)
 .stack.descriptors
                0x0000000000000000       0x2a d:/mplabx/xc8/avr/bin/../lib/gcc/avr/5.4.0/../../../../avr/lib/avr5\libm.a(gesf2.o)
 .data          0x0000000000000000        0x0 d:/mplabx/xc8/avr/bin/../lib/gcc/avr/5.4.0/../../../../avr/lib/avr5\libm.a(mulsf3.o)
 .bss           0x0000000000000000        0x0 d:/mplabx/xc8/avr/bin/../lib/gcc/avr/5.4.0/../../../../avr/lib/avr5\libm.a(mulsf3.o)
 .stack.descriptors
                0x0000000000000000       0x16 d:/mplabx/xc8/avr/bin/../lib/gcc/avr/5.4.0/../../../../avr/lib/avr5\libm.a(mulsf3.o)
 .data          0x0000000000000000        0x0 d:/mplabx/xc8/avr/bin/../lib/gcc/avr/5.4.0/../../../../avr/lib/avr5\libm.a(mulsf3x.o)
 .bss           0x0000000000000000        0x0 d:/mplabx/xc8/avr/bin/../lib/gcc/avr/5.4.0/../../../../avr/lib/avr5\libm.a(mulsf3x.o)
 .stack.descriptors
                0x0000000000000000       0x31 d:/mplabx/xc8/avr/bin/../lib/gcc/avr/5.4.0/../../../../avr/lib/avr5\libm.a(mulsf3x.o)
 .text          0x0000000000000000        0x0 d:/mplabx/xc8/avr/bin/../lib/gcc/avr/5.4.0/../../../../avr/lib/avr5\libm.a(sinf.o)
 .data          0x0000000000000000        0x0 d:/mplabx/xc8/avr/bin/../lib/gcc/avr/5.4.0/../../../../avr/lib/avr5\libm.a(sinf.o)
 .bss           0x0000000000000000        0x0 d:/mplabx/xc8/avr/bin/../lib/gcc/avr/5.4.0/../../../../avr/lib/avr5\libm.a(sinf.o)
 .stack.descriptors
                0x0000000000000000       0x12 d:/mplabx/xc8/avr/bin/../lib/gcc/avr/5.4.0/../../../../avr/lib/avr5\libm.a(sinf.o)
 .text          0x0000000000000000        0x0 d:/mplabx/xc8/avr/bin/../lib/gcc/avr/5.4.0/../../../../avr/lib/avr5\libm.a(sqrtf.o)
 .data          0x0000000000000000        0x0 d:/mplabx/xc8/avr/bin/../lib/gcc/avr/5.4.0/../../../../avr/lib/avr5\libm.a(sqrtf.o)
 .bss           0x0000000000000000        0x0 d:/mplabx/xc8/avr/bin/../lib/gcc/avr/5.4.0/../../../../avr/lib/avr5\libm.a(sqrtf.o)
 .stack.descriptors
                0x0000000000000000       0x13 d:/mplabx/xc8/avr/bin/../lib/gcc/avr/5.4.0/../../../../avr/lib/avr5\libm.a(sqrtf.o)
 .text          0x0000000000000000        0x0 d:/mplabx/xc8/avr/bin/../lib/gcc/avr/5.4.0/../../../../avr/lib/avr5\libm.a(fabsf.o)
 .data          0x0000000000000000        0x0 d:/mplabx/xc8/avr/bin/../lib/gcc/avr/5.4.0/../../../../avr/lib/avr5\libm.a(fabsf.o)
 .bss           0x0000000000000000        0x0 d:/mplabx/xc8/avr/bin/../lib/gcc/avr/5.4.0/../../../../avr/lib/avr5\libm.a(fabsf.o)
 .stack.descriptors
                0x0000000000000000       0x13 d:/mplabx/xc8/avr/bin/../lib/gcc/avr/5.4.0/../../../../avr/lib/avr5\libm.a(fabsf.o)
 .text          0x0000000000000000        0x0 d:/mplabx/xc8/avr/bin/../lib/gcc/avr/5.4.0/../../../../avr/lib/avr5\libm.a(__cosdf.o)
 .data          0x0000000000000000        0x0 d:/mplabx/xc8/avr/bin/../lib/gcc/avr/5.4.0/../../../../avr/lib/avr5\libm.a(__cosdf.o)
 .bss           0x0000000000000000        0x0 d:/mplabx/xc8/avr/bin/../lib/gcc/avr/5.4.0/../../../../avr/lib/avr5\libm.a(__cosdf.o)
 .stack.descriptors
                0x0000000000000000       0x15 d:/mplabx/xc8/avr/bin/../lib/gcc/avr/5.4.0/../../../../avr/lib/avr5\libm.a(__cosdf.o)
 .text          0x0000000000000000        0x0 d:/mplabx/xc8/avr/bin/../lib/gcc/avr/5.4.0/../../../../avr/lib/avr5\libm.a(__sindf.o)
 .data          0x0000000000000000        0x0 d:/mplabx/xc8/avr/bin/../lib/gcc/avr/5.4.0/../../../../avr/lib/avr5\libm.a(__sindf.o)
 .bss           0x0000000000000000        0x0 d:/mplabx/xc8/avr/bin/../lib/gcc/avr/5.4.0/../../../../avr/lib/avr5\libm.a(__sindf.o)
 .stack.descriptors
                0x0000000000000000       0x15 d:/mplabx/xc8/avr/bin/../lib/gcc/avr/5.4.0/../../../../avr/lib/avr5\libm.a(__sindf.o)
 .text          0x0000000000000000        0x0 d:/mplabx/xc8/avr/bin/../lib/gcc/avr/5.4.0/../../../../avr/lib/avr5\libm.a(__rem_pio2f.o)
 .data          0x0000000000000000        0x0 d:/mplabx/xc8/avr/bin/../lib/gcc/avr/5.4.0/../../../../avr/lib/avr5\libm.a(__rem_pio2f.o)
 .bss           0x0000000000000000        0x0 d:/mplabx/xc8/avr/bin/../lib/gcc/avr/5.4.0/../../../../avr/lib/avr5\libm.a(__rem_pio2f.o)
 .stack.descriptors
                0x0000000000000000       0x19 d:/mplabx/xc8/avr/bin/../lib/gcc/avr/5.4.0/../../../../avr/lib/avr5\libm.a(__rem_pio2f.o)
 .data          0x0000000000000000        0x0 d:/mplabx/xc8/avr/bin/../lib/gcc/avr/5.4.0/../../../../avr/lib/avr5\libm.a(fp_cmp.o)
 .bss           0x0000000000000000        0x0 d:/mplabx/xc8/avr/bin/../lib/gcc/avr/5.4.0/../../../../avr/lib/avr5\libm.a(fp_cmp.o)
 .stack.descriptors
                0x0000000000000000       0x16 d:/mplabx/xc8/avr/bin/../lib/gcc/avr/5.4.0/../../../../avr/lib/avr5\libm.a(fp_cmp.o)
 .text          0x0000000000000000        0x0 d:/mplabx/xc8/avr/bin/../lib/gcc/avr/5.4.0/avr5\libgcc.a(_divmodhi4.o)
 .data          0x0000000000000000        0x0 d:/mplabx/xc8/avr/bin/../lib/gcc/avr/5.4.0/avr5\libgcc.a(_divmodhi4.o)
 .bss           0x0000000000000000        0x0 d:/mplabx/xc8/avr/bin/../lib/gcc/avr/5.4.0/avr5\libgcc.a(_divmodhi4.o)
 .text.libgcc.mul
                0x0000000000000000        0x0 d:/mplabx/xc8/avr/bin/../lib/gcc/avr/5.4.0/avr5\libgcc.a(_divmodhi4.o)
 .stack.descriptors
                0x0000000000000000       0x19 d:/mplabx/xc8/avr/bin/../lib/gcc/avr/5.4.0/avr5\libgcc.a(_divmodhi4.o)
 .text.libgcc   0x0000000000000000        0x0 d:/mplabx/xc8/avr/bin/../lib/gcc/avr/5.4.0/avr5\libgcc.a(_divmodhi4.o)
 .text.libgcc.prologue
                0x0000000000000000        0x0 d:/mplabx/xc8/avr/bin/../lib/gcc/avr/5.4.0/avr5\libgcc.a(_divmodhi4.o)
 .text.libgcc.builtins
                0x0000000000000000        0x0 d:/mplabx/xc8/avr/bin/../lib/gcc/avr/5.4.0/avr5\libgcc.a(_divmodhi4.o)
 .text.libgcc.fmul
                0x0000000000000000        0x0 d:/mplabx/xc8/avr/bin/../lib/gcc/avr/5.4.0/avr5\libgcc.a(_divmodhi4.o)
 .text.libgcc.fixed
                0x0000000000000000        0x0 d:/mplabx/xc8/avr/bin/../lib/gcc/avr/5.4.0/avr5\libgcc.a(_divmodhi4.o)
 .text          0x0000000000000000        0x0 d:/mplabx/xc8/avr/bin/../lib/gcc/avr/5.4.0/avr5\libgcc.a(_divmodsi4.o)
 .data          0x0000000000000000        0x0 d:/mplabx/xc8/avr/bin/../lib/gcc/avr/5.4.0/avr5\libgcc.a(_divmodsi4.o)
 .bss           0x0000000000000000        0x0 d:/mplabx/xc8/avr/bin/../lib/gcc/avr/5.4.0/avr5\libgcc.a(_divmodsi4.o)
 .text.libgcc.mul
                0x0000000000000000        0x0 d:/mplabx/xc8/avr/bin/../lib/gcc/avr/5.4.0/avr5\libgcc.a(_divmodsi4.o)
 .stack.descriptors
                0x0000000000000000       0x19 d:/mplabx/xc8/avr/bin/../lib/gcc/avr/5.4.0/avr5\libgcc.a(_divmodsi4.o)
 .text.libgcc   0x0000000000000000        0x0 d:/mplabx/xc8/avr/bin/../lib/gcc/avr/5.4.0/avr5\libgcc.a(_divmodsi4.o)
 .text.libgcc.prologue
                0x0000000000000000        0x0 d:/mplabx/xc8/avr/bin/../lib/gcc/avr/5.4.0/avr5\libgcc.a(_divmodsi4.o)
 .text.libgcc.builtins
                0x0000000000000000        0x0 d:/mplabx/xc8/avr/bin/../lib/gcc/avr/5.4.0/avr5\libgcc.a(_divmodsi4.o)
 .text.libgcc.fmul
                0x0000000000000000        0x0 d:/mplabx/xc8/avr/bin/../lib/gcc/avr/5.4.0/avr5\libgcc.a(_divmodsi4.o)
 .text.libgcc.fixed
                0x0000000000000000        0x0 d:/mplabx/xc8/avr/bin/../lib/gcc/avr/5.4.0/avr5\libgcc.a(_divmodsi4.o)
 .text          0x0000000000000000        0x0 d:/mplabx/xc8/avr/bin/../lib/gcc/avr/5.4.0/avr5\libgcc.a(_negsi2.o)
 .data          0x0000000000000000        0x0 d:/mplabx/xc8/avr/bin/../lib/gcc/avr/5.4.0/avr5\libgcc.a(_negsi2.o)
 .bss           0x0000000000000000        0x0 d:/mplabx/xc8/avr/bin/../lib/gcc/avr/5.4.0/avr5\libgcc.a(_negsi2.o)
 .text.libgcc.mul
                0x0000000000000000        0x0 d:/mplabx/xc8/avr/bin/../lib/gcc/avr/5.4.0/avr5\libgcc.a(_negsi2.o)
 .stack.descriptors
                0x0000000000000000       0x16 d:/mplabx/xc8/avr/bin/../lib/gcc/avr/5.4.0/avr5\libgcc.a(_negsi2.o)
 .text.libgcc   0x0000000000000000        0x0 d:/mplabx/xc8/avr/bin/../lib/gcc/avr/5.4.0/avr5\libgcc.a(_negsi2.o)
 .text.libgcc.prologue
                0x0000000000000000        0x0 d:/mplabx/xc8/avr/bin/../lib/gcc/avr/5.4.0/avr5\libgcc.a(_negsi2.o)
 .text.libgcc.builtins
                0x0000000000000000        0x0 d:/mplabx/xc8/avr/bin/../lib/gcc/avr/5.4.0/avr5\libgcc.a(_negsi2.o)
 .text.libgcc.fmul
                0x0000000000000000        0x0 d:/mplabx/xc8/avr/bin/../lib/gcc/avr/5.4.0/avr5\libgcc.a(_negsi2.o)
 .text.libgcc.fixed
                0x0000000000000000        0x0 d:/mplabx/xc8/avr/bin/../lib/gcc/avr/5.4.0/avr5\libgcc.a(_negsi2.o)
 .text          0x0000000000000000        0x0 d:/mplabx/xc8/avr/bin/../lib/gcc/avr/5.4.0/avr5\libgcc.a(_tablejump2.o)
 .data          0x0000000000000000        0x0 d:/mplabx/xc8/avr/bin/../lib/gcc/avr/5.4.0/avr5\libgcc.a(_tablejump2.o)
 .bss           0x0000000000000000        0x0 d:/mplabx/xc8/avr/bin/../lib/gcc/avr/5.4.0/avr5\libgcc.a(_tablejump2.o)
 .text.libgcc.mul
                0x0000000000000000        0x0 d:/mplabx/xc8/avr/bin/../lib/gcc/avr/5.4.0/avr5\libgcc.a(_tablejump2.o)
 .text.libgcc.div
                0x0000000000000000        0x0 d:/mplabx/xc8/avr/bin/../lib/gcc/avr/5.4.0/avr5\libgcc.a(_tablejump2.o)
 .text.libgcc   0x0000000000000000        0xc d:/mplabx/xc8/avr/bin/../lib/gcc/avr/5.4.0/avr5\libgcc.a(_tablejump2.o)
 .text.libgcc.prologue
                0x0000000000000000        0x0 d:/mplabx/xc8/avr/bin/../lib/gcc/avr/5.4.0/avr5\libgcc.a(_tablejump2.o)
 .stack.descriptors.hdr
                0x0000000000000000        0xe d:/mplabx/xc8/avr/bin/../lib/gcc/avr/5.4.0/avr5\libgcc.a(_tablejump2.o)
 .stack.descriptors
                0x0000000000000000       0x1c d:/mplabx/xc8/avr/bin/../lib/gcc/avr/5.4.0/avr5\libgcc.a(_tablejump2.o)
 .text.libgcc.builtins
                0x0000000000000000        0x0 d:/mplabx/xc8/avr/bin/../lib/gcc/avr/5.4.0/avr5\libgcc.a(_tablejump2.o)
 .text.libgcc.fmul
                0x0000000000000000        0x0 d:/mplabx/xc8/avr/bin/../lib/gcc/avr/5.4.0/avr5\libgcc.a(_tablejump2.o)
 .text.libgcc.fixed
                0x0000000000000000        0x0 d:/mplabx/xc8/avr/bin/../lib/gcc/avr/5.4.0/avr5\libgcc.a(_tablejump2.o)
 .text          0x0000000000000000        0x0 d:/mplabx/xc8/avr/bin/../lib/gcc/avr/5.4.0/avr5\libgcc.a(_copy_data.o)
 .data          0x0000000000000000        0x0 d:/mplabx/xc8/avr/bin/../lib/gcc/avr/5.4.0/avr5\libgcc.a(_copy_data.o)
 .bss           0x0000000000000000        0x0 d:/mplabx/xc8/avr/bin/../lib/gcc/avr/5.4.0/avr5\libgcc.a(_copy_data.o)
 .text.libgcc.mul
                0x0000000000000000        0x0 d:/mplabx/xc8/avr/bin/../lib/gcc/avr/5.4.0/avr5\libgcc.a(_copy_data.o)
 .text.libgcc.div
                0x0000000000000000        0x0 d:/mplabx/xc8/avr/bin/../lib/gcc/avr/5.4.0/avr5\libgcc.a(_copy_data.o)
 .text.libgcc   0x0000000000000000        0x0 d:/mplabx/xc8/avr/bin/../lib/gcc/avr/5.4.0/avr5\libgcc.a(_copy_data.o)
 .text.libgcc.prologue
                0x0000000000000000        0x0 d:/mplabx/xc8/avr/bin/../lib/gcc/avr/5.4.0/avr5\libgcc.a(_copy_data.o)
 .text.libgcc.builtins
                0x0000000000000000        0x0 d:/mplabx/xc8/avr/bin/../lib/gcc/avr/5.4.0/avr5\libgcc.a(_copy_data.o)
 .text.libgcc.fmul
                0x0000000000000000        0x0 d:/mplabx/xc8/avr/bin/../lib/gcc/avr/5.4.0/avr5\libgcc.a(_copy_data.o)
 .text.libgcc.fixed
                0x0000000000000000        0x0 d:/mplabx/xc8/avr/bin/../lib/gcc/avr/5.4.0/avr5\libgcc.a(_copy_data.o)
 .text          0x0000000000000000        0x0 d:/mplabx/xc8/avr/bin/../lib/gcc/avr/5.4.0/avr5\libgcc.a(_prologue.o)
 .data          0x0000000000000000        0x0 d:/mplabx/xc8/avr/bin/../lib/gcc/avr/5.4.0/avr5\libgcc.a(_prologue.o)
 .bss           0x0000000000000000        0x0 d:/mplabx/xc8/avr/bin/../lib/gcc/avr/5.4.0/avr5\libgcc.a(_prologue.o)
 .text.libgcc.mul
                0x0000000000000000        0x0 d:/mplabx/xc8/avr/bin/../lib/gcc/avr/5.4.0/avr5\libgcc.a(_prologue.o)
 .text.libgcc.div
                0x0000000000000000        0x0 d:/mplabx/xc8/avr/bin/../lib/gcc/avr/5.4.0/avr5\libgcc.a(_prologue.o)
 .text.libgcc   0x0000000000000000        0x0 d:/mplabx/xc8/avr/bin/../lib/gcc/avr/5.4.0/avr5\libgcc.a(_prologue.o)
 .text.libgcc.builtins
                0x0000000000000000        0x0 d:/mplabx/xc8/avr/bin/../lib/gcc/avr/5.4.0/avr5\libgcc.a(_prologue.o)
 .text.libgcc.fmul
                0x0000000000000000        0x0 d:/mplabx/xc8/avr/bin/../lib/gcc/avr/5.4.0/avr5\libgcc.a(_prologue.o)
 .text.libgcc.fixed
                0x0000000000000000        0x0 d:/mplabx/xc8/avr/bin/../lib/gcc/avr/5.4.0/avr5\libgcc.a(_prologue.o)
 .text          0x0000000000000000        0x0 d:/mplabx/xc8/avr/bin/../lib/gcc/avr/5.4.0/avr5\libgcc.a(_epilogue.o)
 .data          0x0000000000000000        0x0 d:/mplabx/xc8/avr/bin/../lib/gcc/avr/5.4.0/avr5\libgcc.a(_epilogue.o)
 .bss           0x0000000000000000        0x0 d:/mplabx/xc8/avr/bin/../lib/gcc/avr/5.4.0/avr5\libgcc.a(_epilogue.o)
 .text.libgcc.mul
                0x0000000000000000        0x0 d:/mplabx/xc8/avr/bin/../lib/gcc/avr/5.4.0/avr5\libgcc.a(_epilogue.o)
 .text.libgcc.div
                0x0000000000000000        0x0 d:/mplabx/xc8/avr/bin/../lib/gcc/avr/5.4.0/avr5\libgcc.a(_epilogue.o)
 .text.libgcc   0x0000000000000000        0x0 d:/mplabx/xc8/avr/bin/../lib/gcc/avr/5.4.0/avr5\libgcc.a(_epilogue.o)
 .text.libgcc.builtins
                0x0000000000000000        0x0 d:/mplabx/xc8/avr/bin/../lib/gcc/avr/5.4.0/avr5\libgcc.a(_epilogue.o)
 .text.libgcc.fmul
                0x0000000000000000        0x0 d:/mplabx/xc8/avr/bin/../lib/gcc/avr/5.4.0/avr5\libgcc.a(_epilogue.o)
 .text.libgcc.fixed
                0x0000000000000000        0x0 d:/mplabx/xc8/avr/bin/../lib/gcc/avr/5.4.0/avr5\libgcc.a(_epilogue.o)
 .text          0x0000000000000000        0x0 d:/mplabx/xc8/avr/bin/../lib/gcc/avr/5.4.0/avr5\libgcc.a(_udivmodhi4.o)
 .data          0x0000000000000000        0x0 d:/mplabx/xc8/avr/bin/../lib/gcc/avr/5.4.0/avr5\libgcc.a(_udivmodhi4.o)
 .bss           0x0000000000000000        0x0 d:/mplabx/xc8/avr/bin/../lib/gcc/avr/5.4.0/avr5\libgcc.a(_udivmodhi4.o)
 .text.libgcc.mul
                0x0000000000000000        0x0 d:/mplabx/xc8/avr/bin/../lib/gcc/avr/5.4.0/avr5\libgcc.a(_udivmodhi4.o)
 .stack.descriptors
                0x0000000000000000       0x1a d:/mplabx/xc8/avr/bin/../lib/gcc/avr/5.4.0/avr5\libgcc.a(_udivmodhi4.o)
 .text.libgcc   0x0000000000000000        0x0 d:/mplabx/xc8/avr/bin/../lib/gcc/avr/5.4.0/avr5\libgcc.a(_udivmodhi4.o)
 .text.libgcc.prologue
                0x0000000000000000        0x0 d:/mplabx/xc8/avr/bin/../lib/gcc/avr/5.4.0/avr5\libgcc.a(_udivmodhi4.o)
 .text.libgcc.builtins
                0x0000000000000000        0x0 d:/mplabx/xc8/avr/bin/../lib/gcc/avr/5.4.0/avr5\libgcc.a(_udivmodhi4.o)
 .text.libgcc.fmul
                0x0000000000000000        0x0 d:/mplabx/xc8/avr/bin/../lib/gcc/avr/5.4.0/avr5\libgcc.a(_udivmodhi4.o)
 .text.libgcc.fixed
                0x0000000000000000        0x0 d:/mplabx/xc8/avr/bin/../lib/gcc/avr/5.4.0/avr5\libgcc.a(_udivmodhi4.o)
 .text          0x0000000000000000        0x0 d:/mplabx/xc8/avr/bin/../lib/gcc/avr/5.4.0/avr5\libgcc.a(_udivmodsi4.o)
 .data          0x0000000000000000        0x0 d:/mplabx/xc8/avr/bin/../lib/gcc/avr/5.4.0/avr5\libgcc.a(_udivmodsi4.o)
 .bss           0x0000000000000000        0x0 d:/mplabx/xc8/avr/bin/../lib/gcc/avr/5.4.0/avr5\libgcc.a(_udivmodsi4.o)
 .text.libgcc.mul
                0x0000000000000000        0x0 d:/mplabx/xc8/avr/bin/../lib/gcc/avr/5.4.0/avr5\libgcc.a(_udivmodsi4.o)
 .stack.descriptors
                0x0000000000000000       0x1a d:/mplabx/xc8/avr/bin/../lib/gcc/avr/5.4.0/avr5\libgcc.a(_udivmodsi4.o)
 .text.libgcc   0x0000000000000000        0x0 d:/mplabx/xc8/avr/bin/../lib/gcc/avr/5.4.0/avr5\libgcc.a(_udivmodsi4.o)
 .text.libgcc.prologue
                0x0000000000000000        0x0 d:/mplabx/xc8/avr/bin/../lib/gcc/avr/5.4.0/avr5\libgcc.a(_udivmodsi4.o)
 .text.libgcc.builtins
                0x0000000000000000        0x0 d:/mplabx/xc8/avr/bin/../lib/gcc/avr/5.4.0/avr5\libgcc.a(_udivmodsi4.o)
 .text.libgcc.fmul
                0x0000000000000000        0x0 d:/mplabx/xc8/avr/bin/../lib/gcc/avr/5.4.0/avr5\libgcc.a(_udivmodsi4.o)
 .text.libgcc.fixed
                0x0000000000000000        0x0 d:/mplabx/xc8/avr/bin/../lib/gcc/avr/5.4.0/avr5\libgcc.a(_udivmodsi4.o)
 .text          0x0000000000000000        0x0 d:/mplabx/xc8/avr/bin/../lib/gcc/avr/5.4.0/../../../../avr/lib/avr5\libc.a(errno.o)
 .data          0x0000000000000000        0x0 d:/mplabx/xc8/avr/bin/../lib/gcc/avr/5.4.0/../../../../avr/lib/avr5\libc.a(errno.o)
 .bss           0x0000000000000000        0x0 d:/mplabx/xc8/avr/bin/../lib/gcc/avr/5.4.0/../../../../avr/lib/avr5\libc.a(errno.o)
 .text          0x0000000000000000        0x0 d:/mplabx/xc8/avr/bin/../lib/gcc/avr/5.4.0/../../../../avr/lib/avr5\libc.a(exit.o)
 .data          0x0000000000000000        0x0 d:/mplabx/xc8/avr/bin/../lib/gcc/avr/5.4.0/../../../../avr/lib/avr5\libc.a(exit.o)
 .bss           0x0000000000000000        0x0 d:/mplabx/xc8/avr/bin/../lib/gcc/avr/5.4.0/../../../../avr/lib/avr5\libc.a(exit.o)
 .stack.descriptors
                0x0000000000000000       0x73 d:/mplabx/xc8/avr/bin/../lib/gcc/avr/5.4.0/../../../../avr/lib/avr5\libc.a(exit.o)
 .text          0x0000000000000000        0x0 d:/mplabx/xc8/avr/bin/../lib/gcc/avr/5.4.0/../../../../avr/lib/avr5\libc.a(_Exit.o)
 .data          0x0000000000000000        0x0 d:/mplabx/xc8/avr/bin/../lib/gcc/avr/5.4.0/../../../../avr/lib/avr5\libc.a(_Exit.o)
 .bss           0x0000000000000000        0x0 d:/mplabx/xc8/avr/bin/../lib/gcc/avr/5.4.0/../../../../avr/lib/avr5\libc.a(_Exit.o)
 .stack.descriptors
                0x0000000000000000       0x13 d:/mplabx/xc8/avr/bin/../lib/gcc/avr/5.4.0/../../../../avr/lib/avr5\libc.a(_Exit.o)
 .text          0x0000000000000000        0x0 d:/mplabx/xc8/avr/bin/../lib/gcc/avr/5.4.0/avr5\libgcc.a(_exit.o)
 .data          0x0000000000000000        0x0 d:/mplabx/xc8/avr/bin/../lib/gcc/avr/5.4.0/avr5\libgcc.a(_exit.o)
 .bss           0x0000000000000000        0x0 d:/mplabx/xc8/avr/bin/../lib/gcc/avr/5.4.0/avr5\libgcc.a(_exit.o)
 .text.libgcc.mul
                0x0000000000000000        0x0 d:/mplabx/xc8/avr/bin/../lib/gcc/avr/5.4.0/avr5\libgcc.a(_exit.o)
 .text.libgcc.div
                0x0000000000000000        0x0 d:/mplabx/xc8/avr/bin/../lib/gcc/avr/5.4.0/avr5\libgcc.a(_exit.o)
 .text.libgcc   0x0000000000000000        0x0 d:/mplabx/xc8/avr/bin/../lib/gcc/avr/5.4.0/avr5\libgcc.a(_exit.o)
 .text.libgcc.prologue
                0x0000000000000000        0x0 d:/mplabx/xc8/avr/bin/../lib/gcc/avr/5.4.0/avr5\libgcc.a(_exit.o)
 .stack.descriptors
                0x0000000000000000       0x13 d:/mplabx/xc8/avr/bin/../lib/gcc/avr/5.4.0/avr5\libgcc.a(_exit.o)
 .text.libgcc.builtins
                0x0000000000000000        0x0 d:/mplabx/xc8/avr/bin/../lib/gcc/avr/5.4.0/avr5\libgcc.a(_exit.o)
 .text.libgcc.fmul
                0x0000000000000000        0x0 d:/mplabx/xc8/avr/bin/../lib/gcc/avr/5.4.0/avr5\libgcc.a(_exit.o)
 .text.libgcc.fixed
                0x0000000000000000        0x0 d:/mplabx/xc8/avr/bin/../lib/gcc/avr/5.4.0/avr5\libgcc.a(_exit.o)

Memory Configuration

Name             Origin             Length             Attributes
text             0x0000000000000000 0x0000000000008000 xr
data             0x0000000000800060 0x0000000000000800 rw !x
eeprom           0x0000000000810000 0x0000000000000400 rw !x
fuse             0x0000000000820000 0x0000000000000002 rw !x
lock             0x0000000000830000 0x0000000000000400 rw !x
signature        0x0000000000840000 0x0000000000000400 rw !x
user_signatures  0x0000000000850000 0x0000000000000400 rw !x
bootrow          0x0000000000860000 0x0000000000000400 rw !x
*default*        0x0000000000000000 0xffffffffffffffff

Linker script and memory map

LOAD D:/Mplabx/packs/Microchip/ATmega_DFP/3.1.264/xc8/avr/lib/avr5/crtatmega32a.o
                0x0000000000000001                __MPLAB_BUILD = 0x1
LOAD build/default/production/main.o
LOAD build/default/production/MY_MPU.o
LOAD build/default/production/MY_UART.o
LOAD build/default/production/DIO.o
LOAD build/default/production/myI2C.o
LOAD build/default/production/mpu_i2c.o
LOAD build/default/production/int_to_arr.o
LOAD build/default/production/My_TimerCounter.o
START GROUP
LOAD d:/mplabx/xc8/avr/bin/../lib/gcc/avr/5.4.0/../../../../avr/lib/avr5\libm.a
END GROUP
START GROUP
LOAD d:/mplabx/xc8/avr/bin/../lib/gcc/avr/5.4.0/avr5\libgcc.a
LOAD d:/mplabx/xc8/avr/bin/../lib/gcc/avr/5.4.0/../../../../avr/lib/avr5\libm.a
LOAD d:/mplabx/xc8/avr/bin/../lib/gcc/avr/5.4.0/../../../../avr/lib/avr5\libc.a
LOAD D:/Mplabx/packs/Microchip/ATmega_DFP/3.1.264/xc8/avr/lib/avr5\libatmega32a.a
END GROUP
                [0x0000000000000000]                __TEXT_REGION_ORIGIN__ = DEFINED (__TEXT_REGION_ORIGIN__)?__TEXT_REGION_ORIGIN__:0x0
                [0x0000000000800060]                __DATA_REGION_ORIGIN__ = DEFINED (__DATA_REGION_ORIGIN__)?__DATA_REGION_ORIGIN__:0x800060
                [0x0000000000008000]                __TEXT_REGION_LENGTH__ = DEFINED (__TEXT_REGION_LENGTH__)?__TEXT_REGION_LENGTH__:0x20000
                [0x0000000000000800]                __DATA_REGION_LENGTH__ = DEFINED (__DATA_REGION_LENGTH__)?__DATA_REGION_LENGTH__:0xffa0
                [0x0000000000000400]                __EEPROM_REGION_LENGTH__ = DEFINED (__EEPROM_REGION_LENGTH__)?__EEPROM_REGION_LENGTH__:0x10000
                [0x0000000000000002]                __FUSE_REGION_LENGTH__ = DEFINED (__FUSE_REGION_LENGTH__)?__FUSE_REGION_LENGTH__:0x400
                0x0000000000000400                __LOCK_REGION_LENGTH__ = DEFINED (__LOCK_REGION_LENGTH__)?__LOCK_REGION_LENGTH__:0x400
                0x0000000000000400                __SIGNATURE_REGION_LENGTH__ = DEFINED (__SIGNATURE_REGION_LENGTH__)?__SIGNATURE_REGION_LENGTH__:0x400
                0x0000000000000400                __USER_SIGNATURE_REGION_LENGTH__ = DEFINED (__USER_SIGNATURE_REGION_LENGTH__)?__USER_SIGNATURE_REGION_LENGTH__:0x400
                0x0000000000000400                __BOOTROW_REGION_LENGTH__ = DEFINED (__BOOTROW_REGION_LENGTH__)?__BOOTROW_REGION_LENGTH__:0x400

.hash
 *(.hash)

.dynsym
 *(.dynsym)

.dynstr
 *(.dynstr)

.gnu.version
 *(.gnu.version)

.gnu.version_d
 *(.gnu.version_d)

.gnu.version_r
 *(.gnu.version_r)

.rel.init
 *(.rel.init)

.rela.init
 *(.rela.init)

.rel.text
 *(.rel.text)
 *(.rel.text.*)
 *(.rel.gnu.linkonce.t*)

.rela.text
 *(.rela.text)
 *(.rela.text.*)
 *(.rela.gnu.linkonce.t*)

.rel.fini
 *(.rel.fini)

.rela.fini
 *(.rela.fini)

.rel.rodata
 *(.rel.rodata)
 *(.rel.rodata.*)
 *(.rel.gnu.linkonce.r*)

.rela.rodata
 *(.rela.rodata)
 *(.rela.rodata.*)
 *(.rela.gnu.linkonce.r*)

.rel.data
 *(.rel.data)
 *(.rel.data.*)
 *(.rel.gnu.linkonce.d*)

.rela.data
 *(.rela.data)
 *(.rela.data.*)
 *(.rela.gnu.linkonce.d*)

.rel.ctors
 *(.rel.ctors)

.rela.ctors
 *(.rela.ctors)

.rel.dtors
 *(.rel.dtors)

.rela.dtors
 *(.rela.dtors)

.rel.got
 *(.rel.got)

.rela.got
 *(.rela.got)

.rel.bss
 *(.rel.bss)

.rela.bss
 *(.rela.bss)

.rel.plt
 *(.rel.plt)

.rela.plt
 *(.rela.plt)

.text           0x0000000000000000       0xba
 *(.vectors)
 .vectors       0x0000000000000000       0x54 D:/Mplabx/packs/Microchip/ATmega_DFP/3.1.264/xc8/avr/lib/avr5/crtatmega32a.o
                0x0000000000000000                __vector_default
                0x0000000000000000                __vectors
 *(.vectors)
 *(.progmem.gcc*)
 *(.dinit)
 .dinit         0x0000000000000054       0x11 data_init
                0x0000000000000066                . = ALIGN (0x2)
 *fill*         0x0000000000000065        0x1 
                0x0000000000000066                __trampolines_start = .
 *(.trampolines)
 .trampolines   0x0000000000000066        0x0 linker stubs
 *(.trampolines*)
                0x0000000000000066                __trampolines_end = .
 *libprintf_flt.a:*(.progmem.data)
 *libc.a:*(.progmem.data)
                0x0000000000000066                . = ALIGN (0x2)
 *(.jumptables)
 *(.jumptables*)
 *(.lowtext)
 *(.lowtext*)
                0x0000000000000066                __ctors_start = .
 *(.ctors)
                0x0000000000000066                __ctors_end = .
                0x0000000000000066                __dtors_start = .
 *(.dtors)
                0x0000000000000066                __dtors_end = .
 SORT(*)(.ctors)
 SORT(*)(.dtors)
 *(.init0)
 .init0         0x0000000000000066        0x0 D:/Mplabx/packs/Microchip/ATmega_DFP/3.1.264/xc8/avr/lib/avr5/crtatmega32a.o
                0x0000000000000066                __init
 *(.init0)
 *(.init1)
 *(.init1)
 *(.init2)
 .init2         0x0000000000000066        0xc D:/Mplabx/packs/Microchip/ATmega_DFP/3.1.264/xc8/avr/lib/avr5/crtatmega32a.o
 *(.init2)
 *(.init3)
 *(.init3)
 *(.init4)
 .init4         0x0000000000000072       0x3c d:/mplabx/xc8/avr/bin/../lib/gcc/avr/5.4.0/avr5\libgcc.a(_copy_data.o)
                0x0000000000000072                __do_copy_data
                0x00000000000000a0                __do_clear_bss
 *(.init4)
 *(.init5)
 *(.init5)
 *(.init6)
 *(.init6)
 *(.init7)
 *(.init7)
 *(.init8)
 *(.init8)
 *(.init9)
 .init9         0x00000000000000ae        0x8 D:/Mplabx/packs/Microchip/ATmega_DFP/3.1.264/xc8/avr/lib/avr5/crtatmega32a.o
 *(.init9)
                0x00000000000000b6                . = ALIGN (0x2)
 *(.fini9)
 .fini9         0x00000000000000b6        0x0 d:/mplabx/xc8/avr/bin/../lib/gcc/avr/5.4.0/avr5\libgcc.a(_exit.o)
                0x00000000000000b6                _exit
 *(.fini9)
 *(.fini8)
 *(.fini8)
 *(.fini7)
 *(.fini7)
 *(.fini6)
 *(.fini6)
 *(.fini5)
 *(.fini5)
 *(.fini4)
 *(.fini4)
 *(.fini3)
 *(.fini3)
 *(.fini2)
 *(.fini2)
 *(.fini1)
 *(.fini1)
 *(.fini0)
 .fini0         0x00000000000000b6        0x4 d:/mplabx/xc8/avr/bin/../lib/gcc/avr/5.4.0/avr5\libgcc.a(_exit.o)
 *(.fini0)
                0x00000000000000ba                _etext = .

.data           0x0000000000800060        0x0 load address 0x00000000000000ba
                [!provide]                        PROVIDE (__data_start, .)
 *(.gnu.linkonce.d*)
 *(.gnu.linkonce.r*)
                0x0000000000800060                . = ALIGN (0x2)
 *fill*         0x0000000000800060        0x0 
                0x0000000000800060                _edata = .
                [!provide]                        PROVIDE (__data_end, .)

.bss            0x0000000000800060        0x2
                [!provide]                        PROVIDE (__bss_start, .)
 *(COMMON)
 COMMON         0x0000000000800060        0x2 d:/mplabx/xc8/avr/bin/../lib/gcc/avr/5.4.0/../../../../avr/lib/avr5\libc.a(errno.o)
                0x0000000000800060                __errno_val
                [!provide]                        PROVIDE (__bss_end, .)
                0x00000000000000ba                __data_load_start = LOADADDR (.data)
                0x00000000000000ba                __data_load_end = (__data_load_start + SIZEOF (.data))

.noinit         0x0000000000800062        0x0
                [!provide]                        PROVIDE (__noinit_start, .)
 *(.noinit*)
                [!provide]                        PROVIDE (__noinit_end, .)
                0x0000000000800062                _end = .

.eeprom         0x0000000000810000        0x0
 *(.eeprom*)
                0x0000000000810000                __eeprom_end = .

.fuse
 *(.fuse)
 *(.lfuse)
 *(.hfuse)
 *(.efuse)

.lock
 *(.lock*)

.signature
 *(.signature*)

.user_signatures
 *(.user_signatures*)

.bootrow
 *(.bootrow*)

.stab
 *(.stab)

.stabstr
 *(.stabstr)

.stab.excl
 *(.stab.excl)

.stab.exclstr
 *(.stab.exclstr)

.stab.index
 *(.stab.index)

.stab.indexstr
 *(.stab.indexstr)

.comment        0x0000000000000000       0x5b
 *(.comment)
 .comment       0x0000000000000000       0x2f build/default/production/main.o
                                         0x30 (size before relaxing)
 .comment       0x000000000000002f       0x30 build/default/production/MY_MPU.o
 .comment       0x000000000000002f       0x30 build/default/production/MY_UART.o
 .comment       0x000000000000002f       0x30 build/default/production/DIO.o
 .comment       0x000000000000002f       0x30 build/default/production/mpu_i2c.o
 .comment       0x000000000000002f       0x30 build/default/production/My_TimerCounter.o
 .comment       0x000000000000002f       0x2c d:/mplabx/xc8/avr/bin/../lib/gcc/avr/5.4.0/../../../../avr/lib/avr5\libm.a(asinf.o)
                                         0x2d (size before relaxing)
 .comment       0x000000000000005b       0x2d d:/mplabx/xc8/avr/bin/../lib/gcc/avr/5.4.0/../../../../avr/lib/avr5\libm.a(sinf.o)
 .comment       0x000000000000005b       0x2d d:/mplabx/xc8/avr/bin/../lib/gcc/avr/5.4.0/../../../../avr/lib/avr5\libm.a(sqrtf.o)
 .comment       0x000000000000005b       0x2d d:/mplabx/xc8/avr/bin/../lib/gcc/avr/5.4.0/../../../../avr/lib/avr5\libm.a(fabsf.o)
 .comment       0x000000000000005b       0x2d d:/mplabx/xc8/avr/bin/../lib/gcc/avr/5.4.0/../../../../avr/lib/avr5\libm.a(__cosdf.o)
 .comment       0x000000000000005b       0x2d d:/mplabx/xc8/avr/bin/../lib/gcc/avr/5.4.0/../../../../avr/lib/avr5\libm.a(__sindf.o)
 .comment       0x000000000000005b       0x2d d:/mplabx/xc8/avr/bin/../lib/gcc/avr/5.4.0/../../../../avr/lib/avr5\libm.a(__rem_pio2f.o)
 .comment       0x000000000000005b       0x2d d:/mplabx/xc8/avr/bin/../lib/gcc/avr/5.4.0/../../../../avr/lib/avr5\libc.a(errno.o)
 .comment       0x000000000000005b       0x2d d:/mplabx/xc8/avr/bin/../lib/gcc/avr/5.4.0/../../../../avr/lib/avr5\libc.a(exit.o)
 .comment       0x000000000000005b       0x2d d:/mplabx/xc8/avr/bin/../lib/gcc/avr/5.4.0/../../../../avr/lib/avr5\libc.a(_Exit.o)

.stack.descriptors.hdr
                0x0000000000000000      0x1dc
 .stack.descriptors.hdr
                0x0000000000000000        0xe d:/mplabx/xc8/avr/bin/../lib/gcc/avr/5.4.0/../../../../avr/lib/avr5\libm.a(asinf.o)
 .stack.descriptors.hdr
                0x000000000000000e        0xe d:/mplabx/xc8/avr/bin/../lib/gcc/avr/5.4.0/../../../../avr/lib/avr5\libm.a(addsf3.o)
 .stack.descriptors.hdr
                0x000000000000001c        0xe d:/mplabx/xc8/avr/bin/../lib/gcc/avr/5.4.0/../../../../avr/lib/avr5\libm.a(addsf3x.o)
 .stack.descriptors.hdr
                0x000000000000002a        0xe d:/mplabx/xc8/avr/bin/../lib/gcc/avr/5.4.0/../../../../avr/lib/avr5\libm.a(divsf3.o)
 .stack.descriptors.hdr
                0x0000000000000038        0xe d:/mplabx/xc8/avr/bin/../lib/gcc/avr/5.4.0/../../../../avr/lib/avr5\libm.a(divsf3x.o)
 .stack.descriptors.hdr
                0x0000000000000046        0xe d:/mplabx/xc8/avr/bin/../lib/gcc/avr/5.4.0/../../../../avr/lib/avr5\libm.a(fixsfsi.o)
 .stack.descriptors.hdr
                0x0000000000000054        0xe d:/mplabx/xc8/avr/bin/../lib/gcc/avr/5.4.0/../../../../avr/lib/avr5\libm.a(fixunssfsi.o)
 .stack.descriptors.hdr
                0x0000000000000062        0xe d:/mplabx/xc8/avr/bin/../lib/gcc/avr/5.4.0/../../../../avr/lib/avr5\libm.a(floatsisf.o)
 .stack.descriptors.hdr
                0x0000000000000070        0xe d:/mplabx/xc8/avr/bin/../lib/gcc/avr/5.4.0/../../../../avr/lib/avr5\libm.a(fp_inf.o)
 .stack.descriptors.hdr
                0x000000000000007e        0xe d:/mplabx/xc8/avr/bin/../lib/gcc/avr/5.4.0/../../../../avr/lib/avr5\libm.a(fp_nan.o)
 .stack.descriptors.hdr
                0x000000000000008c        0xe d:/mplabx/xc8/avr/bin/../lib/gcc/avr/5.4.0/../../../../avr/lib/avr5\libm.a(fp_pscA.o)
 .stack.descriptors.hdr
                0x000000000000009a        0xe d:/mplabx/xc8/avr/bin/../lib/gcc/avr/5.4.0/../../../../avr/lib/avr5\libm.a(fp_pscB.o)
 .stack.descriptors.hdr
                0x00000000000000a8        0xe d:/mplabx/xc8/avr/bin/../lib/gcc/avr/5.4.0/../../../../avr/lib/avr5\libm.a(fp_round.o)
 .stack.descriptors.hdr
                0x00000000000000b6        0xe d:/mplabx/xc8/avr/bin/../lib/gcc/avr/5.4.0/../../../../avr/lib/avr5\libm.a(fp_split3.o)
 .stack.descriptors.hdr
                0x00000000000000c4        0xe d:/mplabx/xc8/avr/bin/../lib/gcc/avr/5.4.0/../../../../avr/lib/avr5\libm.a(fp_zero.o)
 .stack.descriptors.hdr
                0x00000000000000d2        0xe d:/mplabx/xc8/avr/bin/../lib/gcc/avr/5.4.0/../../../../avr/lib/avr5\libm.a(gesf2.o)
 .stack.descriptors.hdr
                0x00000000000000e0        0xe d:/mplabx/xc8/avr/bin/../lib/gcc/avr/5.4.0/../../../../avr/lib/avr5\libm.a(mulsf3.o)
 .stack.descriptors.hdr
                0x00000000000000ee        0xe d:/mplabx/xc8/avr/bin/../lib/gcc/avr/5.4.0/../../../../avr/lib/avr5\libm.a(mulsf3x.o)
 .stack.descriptors.hdr
                0x00000000000000fc        0xe d:/mplabx/xc8/avr/bin/../lib/gcc/avr/5.4.0/../../../../avr/lib/avr5\libm.a(sinf.o)
 .stack.descriptors.hdr
                0x000000000000010a        0xe d:/mplabx/xc8/avr/bin/../lib/gcc/avr/5.4.0/../../../../avr/lib/avr5\libm.a(sqrtf.o)
 .stack.descriptors.hdr
                0x0000000000000118        0xe d:/mplabx/xc8/avr/bin/../lib/gcc/avr/5.4.0/../../../../avr/lib/avr5\libm.a(fabsf.o)
 .stack.descriptors.hdr
                0x0000000000000126        0xe d:/mplabx/xc8/avr/bin/../lib/gcc/avr/5.4.0/../../../../avr/lib/avr5\libm.a(__cosdf.o)
 .stack.descriptors.hdr
                0x0000000000000134        0xe d:/mplabx/xc8/avr/bin/../lib/gcc/avr/5.4.0/../../../../avr/lib/avr5\libm.a(__sindf.o)
 .stack.descriptors.hdr
                0x0000000000000142        0xe d:/mplabx/xc8/avr/bin/../lib/gcc/avr/5.4.0/../../../../avr/lib/avr5\libm.a(__rem_pio2f.o)
 .stack.descriptors.hdr
                0x0000000000000150        0xe d:/mplabx/xc8/avr/bin/../lib/gcc/avr/5.4.0/../../../../avr/lib/avr5\libm.a(fp_cmp.o)
 .stack.descriptors.hdr
                0x000000000000015e        0xe d:/mplabx/xc8/avr/bin/../lib/gcc/avr/5.4.0/avr5\libgcc.a(_divmodhi4.o)
 .stack.descriptors.hdr
                0x000000000000016c        0xe d:/mplabx/xc8/avr/bin/../lib/gcc/avr/5.4.0/avr5\libgcc.a(_divmodsi4.o)
 .stack.descriptors.hdr
                0x000000000000017a        0xe d:/mplabx/xc8/avr/bin/../lib/gcc/avr/5.4.0/avr5\libgcc.a(_negsi2.o)
 .stack.descriptors.hdr
                0x0000000000000188        0xe d:/mplabx/xc8/avr/bin/../lib/gcc/avr/5.4.0/avr5\libgcc.a(_udivmodhi4.o)
 .stack.descriptors.hdr
                0x0000000000000196        0xe d:/mplabx/xc8/avr/bin/../lib/gcc/avr/5.4.0/avr5\libgcc.a(_udivmodsi4.o)
 .stack.descriptors.hdr
                0x00000000000001a4        0xe d:/mplabx/xc8/avr/bin/../lib/gcc/avr/5.4.0/../../../../avr/lib/avr5\libc.a(errno.o)
 .stack.descriptors.hdr
                0x00000000000001b2        0xe d:/mplabx/xc8/avr/bin/../lib/gcc/avr/5.4.0/../../../../avr/lib/avr5\libc.a(exit.o)
 .stack.descriptors.hdr
                0x00000000000001c0        0xe d:/mplabx/xc8/avr/bin/../lib/gcc/avr/5.4.0/../../../../avr/lib/avr5\libc.a(_Exit.o)
 .stack.descriptors.hdr
                0x00000000000001ce        0xe d:/mplabx/xc8/avr/bin/../lib/gcc/avr/5.4.0/avr5\libgcc.a(_exit.o)

.note.GNU-stack
                0x0000000000000000        0x0
 .note.GNU-stack
                0x0000000000000000        0x0 d:/mplabx/xc8/avr/bin/../lib/gcc/avr/5.4.0/../../../../avr/lib/avr5\libm.a(asinf.o)
 .note.GNU-stack
                0x0000000000000000        0x0 d:/mplabx/xc8/avr/bin/../lib/gcc/avr/5.4.0/../../../../avr/lib/avr5\libm.a(addsf3.o)
 .note.GNU-stack
                0x0000000000000000        0x0 d:/mplabx/xc8/avr/bin/../lib/gcc/avr/5.4.0/../../../../avr/lib/avr5\libm.a(addsf3x.o)
 .note.GNU-stack
                0x0000000000000000        0x0 d:/mplabx/xc8/avr/bin/../lib/gcc/avr/5.4.0/../../../../avr/lib/avr5\libm.a(divsf3.o)
 .note.GNU-stack
                0x0000000000000000        0x0 d:/mplabx/xc8/avr/bin/../lib/gcc/avr/5.4.0/../../../../avr/lib/avr5\libm.a(divsf3x.o)
 .note.GNU-stack
                0x0000000000000000        0x0 d:/mplabx/xc8/avr/bin/../lib/gcc/avr/5.4.0/../../../../avr/lib/avr5\libm.a(fixsfsi.o)
 .note.GNU-stack
                0x0000000000000000        0x0 d:/mplabx/xc8/avr/bin/../lib/gcc/avr/5.4.0/../../../../avr/lib/avr5\libm.a(fixunssfsi.o)
 .note.GNU-stack
                0x0000000000000000        0x0 d:/mplabx/xc8/avr/bin/../lib/gcc/avr/5.4.0/../../../../avr/lib/avr5\libm.a(floatsisf.o)
 .note.GNU-stack
                0x0000000000000000        0x0 d:/mplabx/xc8/avr/bin/../lib/gcc/avr/5.4.0/../../../../avr/lib/avr5\libm.a(fp_inf.o)
 .note.GNU-stack
                0x0000000000000000        0x0 d:/mplabx/xc8/avr/bin/../lib/gcc/avr/5.4.0/../../../../avr/lib/avr5\libm.a(fp_nan.o)
 .note.GNU-stack
                0x0000000000000000        0x0 d:/mplabx/xc8/avr/bin/../lib/gcc/avr/5.4.0/../../../../avr/lib/avr5\libm.a(fp_pscA.o)
 .note.GNU-stack
                0x0000000000000000        0x0 d:/mplabx/xc8/avr/bin/../lib/gcc/avr/5.4.0/../../../../avr/lib/avr5\libm.a(fp_pscB.o)
 .note.GNU-stack
                0x0000000000000000        0x0 d:/mplabx/xc8/avr/bin/../lib/gcc/avr/5.4.0/../../../../avr/lib/avr5\libm.a(fp_round.o)
 .note.GNU-stack
                0x0000000000000000        0x0 d:/mplabx/xc8/avr/bin/../lib/gcc/avr/5.4.0/../../../../avr/lib/avr5\libm.a(fp_split3.o)
 .note.GNU-stack
                0x0000000000000000        0x0 d:/mplabx/xc8/avr/bin/../lib/gcc/avr/5.4.0/../../../../avr/lib/avr5\libm.a(fp_zero.o)
 .note.GNU-stack
                0x0000000000000000        0x0 d:/mplabx/xc8/avr/bin/../lib/gcc/avr/5.4.0/../../../../avr/lib/avr5\libm.a(gesf2.o)
 .note.GNU-stack
                0x0000000000000000        0x0 d:/mplabx/xc8/avr/bin/../lib/gcc/avr/5.4.0/../../../../avr/lib/avr5\libm.a(mulsf3.o)
 .note.GNU-stack
                0x0000000000000000        0x0 d:/mplabx/xc8/avr/bin/../lib/gcc/avr/5.4.0/../../../../avr/lib/avr5\libm.a(mulsf3x.o)
 .note.GNU-stack
                0x0000000000000000        0x0 d:/mplabx/xc8/avr/bin/../lib/gcc/avr/5.4.0/../../../../avr/lib/avr5\libm.a(sinf.o)
 .note.GNU-stack
                0x0000000000000000        0x0 d:/mplabx/xc8/avr/bin/../lib/gcc/avr/5.4.0/../../../../avr/lib/avr5\libm.a(sqrtf.o)
 .note.GNU-stack
                0x0000000000000000        0x0 d:/mplabx/xc8/avr/bin/../lib/gcc/avr/5.4.0/../../../../avr/lib/avr5\libm.a(fabsf.o)
 .note.GNU-stack
                0x0000000000000000        0x0 d:/mplabx/xc8/avr/bin/../lib/gcc/avr/5.4.0/../../../../avr/lib/avr5\libm.a(__cosdf.o)
 .note.GNU-stack
                0x0000000000000000        0x0 d:/mplabx/xc8/avr/bin/../lib/gcc/avr/5.4.0/../../../../avr/lib/avr5\libm.a(__sindf.o)
 .note.GNU-stack
                0x0000000000000000        0x0 d:/mplabx/xc8/avr/bin/../lib/gcc/avr/5.4.0/../../../../avr/lib/avr5\libm.a(__rem_pio2f.o)
 .note.GNU-stack
                0x0000000000000000        0x0 d:/mplabx/xc8/avr/bin/../lib/gcc/avr/5.4.0/../../../../avr/lib/avr5\libm.a(fp_cmp.o)
 .note.GNU-stack
                0x0000000000000000        0x0 d:/mplabx/xc8/avr/bin/../lib/gcc/avr/5.4.0/../../../../avr/lib/avr5\libc.a(errno.o)
 .note.GNU-stack
                0x0000000000000000        0x0 d:/mplabx/xc8/avr/bin/../lib/gcc/avr/5.4.0/../../../../avr/lib/avr5\libc.a(exit.o)
 .note.GNU-stack
                0x0000000000000000        0x0 d:/mplabx/xc8/avr/bin/../lib/gcc/avr/5.4.0/../../../../avr/lib/avr5\libc.a(_Exit.o)

.note.gnu.build-id
 *(.note.gnu.build-id)

.debug
 *(.debug)

.line
 *(.line)

.debug_srcinfo
 *(.debug_srcinfo)

.debug_sfnames
 *(.debug_sfnames)

.debug_aranges  0x0000000000000000      0x340
 *(.debug_aranges)
 .debug_aranges
                0x0000000000000000       0x30 build/default/production/main.o
 .debug_aranges
                0x0000000000000030       0x80 build/default/production/MY_MPU.o
 .debug_aranges
                0x00000000000000b0       0x40 build/default/production/MY_UART.o
 .debug_aranges
                0x00000000000000f0       0x50 build/default/production/DIO.o
 .debug_aranges
                0x0000000000000140       0x58 build/default/production/mpu_i2c.o
 .debug_aranges
                0x0000000000000198      0x1a8 build/default/production/My_TimerCounter.o

.debug_pubnames
 *(.debug_pubnames)

.debug_info     0x0000000000000000     0x3972
 *(.debug_info .gnu.linkonce.wi.*)
 .debug_info    0x0000000000000000      0x4e6 D:/Mplabx/packs/Microchip/ATmega_DFP/3.1.264/xc8/avr/lib/avr5/crtatmega32a.o
 .debug_info    0x00000000000004e6      0x62d build/default/production/main.o
 .debug_info    0x0000000000000b13      0xa96 build/default/production/MY_MPU.o
 .debug_info    0x00000000000015a9      0x5c1 build/default/production/MY_UART.o
 .debug_info    0x0000000000001b6a      0x3e6 build/default/production/DIO.o
 .debug_info    0x0000000000001f50      0x3ce build/default/production/mpu_i2c.o
 .debug_info    0x000000000000231e     0x1654 build/default/production/My_TimerCounter.o

.debug_abbrev   0x0000000000000000      0xdec
 *(.debug_abbrev)
 .debug_abbrev  0x0000000000000000      0x4a3 D:/Mplabx/packs/Microchip/ATmega_DFP/3.1.264/xc8/avr/lib/avr5/crtatmega32a.o
 .debug_abbrev  0x00000000000004a3      0x152 build/default/production/main.o
 .debug_abbrev  0x00000000000005f5      0x1e8 build/default/production/MY_MPU.o
 .debug_abbrev  0x00000000000007dd      0x19b build/default/production/MY_UART.o
 .debug_abbrev  0x0000000000000978       0xc7 build/default/production/DIO.o
 .debug_abbrev  0x0000000000000a3f       0xca build/default/production/mpu_i2c.o
 .debug_abbrev  0x0000000000000b09      0x2e3 build/default/production/My_TimerCounter.o

.debug_line     0x0000000000000000     0x18a1
 *(.debug_line .debug_line.* .debug_line_end)
 .debug_line    0x0000000000000000      0x116 D:/Mplabx/packs/Microchip/ATmega_DFP/3.1.264/xc8/avr/lib/avr5/crtatmega32a.o
 .debug_line    0x0000000000000116      0x23f build/default/production/main.o
 .debug_line    0x0000000000000355      0x34c build/default/production/MY_MPU.o
 .debug_line    0x00000000000006a1      0x23f build/default/production/MY_UART.o
 .debug_line    0x00000000000008e0      0x32e build/default/production/DIO.o
 .debug_line    0x0000000000000c0e      0x28d build/default/production/mpu_i2c.o
 .debug_line    0x0000000000000e9b      0xa06 build/default/production/My_TimerCounter.o

.debug_frame    0x0000000000000000      0x82c
 *(.debug_frame)
 .debug_frame   0x0000000000000000       0xf4 build/default/production/main.o
 .debug_frame   0x00000000000000f4      0x1d4 build/default/production/MY_MPU.o
 .debug_frame   0x00000000000002c8       0x8c build/default/production/MY_UART.o
 .debug_frame   0x0000000000000354       0x84 build/default/production/DIO.o
 .debug_frame   0x00000000000003d8       0xa4 build/default/production/mpu_i2c.o
 .debug_frame   0x000000000000047c      0x3b0 build/default/production/My_TimerCounter.o

.debug_str      0x0000000000000000      0x30c
 *(.debug_str)
 .debug_str     0x0000000000000000      0x196 D:/Mplabx/packs/Microchip/ATmega_DFP/3.1.264/xc8/avr/lib/avr5/crtatmega32a.o
 .debug_str     0x0000000000000196       0x9d build/default/production/main.o
 .debug_str     0x0000000000000233       0x5c build/default/production/MY_MPU.o
 .debug_str     0x000000000000028f        0xb build/default/production/MY_UART.o
 .debug_str     0x000000000000029a       0x17 build/default/production/DIO.o
 .debug_str     0x00000000000002b1       0x1b build/default/production/mpu_i2c.o
 .debug_str     0x00000000000002cc       0x40 build/default/production/My_TimerCounter.o

.debug_loc      0x0000000000000000     0x2134
 *(.debug_loc)
 .debug_loc     0x0000000000000000      0x2a6 build/default/production/main.o
 .debug_loc     0x00000000000002a6      0x4a4 build/default/production/MY_MPU.o
 .debug_loc     0x000000000000074a      0x347 build/default/production/MY_UART.o
 .debug_loc     0x0000000000000a91      0x55a build/default/production/DIO.o
 .debug_loc     0x0000000000000feb      0x1f5 build/default/production/mpu_i2c.o
 .debug_loc     0x00000000000011e0      0xf54 build/default/production/My_TimerCounter.o

.debug_macinfo
 *(.debug_macinfo)

.debug_weaknames
 *(.debug_weaknames)

.debug_funcnames
 *(.debug_funcnames)

.debug_typenames
 *(.debug_typenames)

.debug_varnames
 *(.debug_varnames)

.debug_pubtypes
 *(.debug_pubtypes)

.debug_ranges   0x0000000000000000      0x2e0
 *(.debug_ranges)
 .debug_ranges  0x0000000000000000       0x20 build/default/production/main.o
 .debug_ranges  0x0000000000000020       0x70 build/default/production/MY_MPU.o
 .debug_ranges  0x0000000000000090       0x30 build/default/production/MY_UART.o
 .debug_ranges  0x00000000000000c0       0x40 build/default/production/DIO.o
 .debug_ranges  0x0000000000000100       0x48 build/default/production/mpu_i2c.o
 .debug_ranges  0x0000000000000148      0x198 build/default/production/My_TimerCounter.o

.debug_macro
 *(.debug_macro)
OUTPUT(dist/default/production/Hand_Module.X.production.elf elf32-avr)
LOAD linker stubs
LOAD data_init

.note.gnu.avr.deviceinfo
                0x0000000000000000       0x3c
 .note.gnu.avr.deviceinfo
                0x0000000000000000       0x3c D:/Mplabx/packs/Microchip/ATmega_DFP/3.1.264/xc8/avr/lib/avr5/crtatmega32a.o

.bss.counter    0x0000000000800071        0x2
 .bss.counter   0x0000000000800071        0x2 build/default/production/main.o

.text.updateAngles
                0x00000000000000ba      0x3dc
 .text.updateAngles
                0x00000000000000ba      0x3dc build/default/production/MY_MPU.o
                0x00000000000000ba                updateAngles

.text.asinf     0x0000000000000496      0x21e
 .text.asinf    0x0000000000000496      0x21e d:/mplabx/xc8/avr/bin/../lib/gcc/avr/5.4.0/../../../../avr/lib/avr5\libm.a(asinf.o)
                0x0000000000000496                asinf

.text.formatSignalMsg
                0x00000000000006b4      0x204
 .text.formatSignalMsg
                0x00000000000006b4      0x204 build/default/production/main.o
                0x00000000000006b4                formatSignalMsg

.text.sqrtf     0x00000000000008b8      0x1ac
 .text.sqrtf    0x00000000000008b8      0x1ac d:/mplabx/xc8/avr/bin/../lib/gcc/avr/5.4.0/../../../../avr/lib/avr5\libm.a(sqrtf.o)
                0x00000000000008b8                sqrtl
                0x00000000000008b8                sqrtf
                0x00000000000008b8                sqrt

.text.sinf      0x0000000000000a64      0x14e
 .text.sinf     0x0000000000000a64      0x14e d:/mplabx/xc8/avr/bin/../lib/gcc/avr/5.4.0/../../../../avr/lib/avr5\libm.a(sinf.o)
                0x0000000000000a64                sinf

.text.MPU6050_calibrate
                0x0000000000000bb2      0x13a
 .text.MPU6050_calibrate
                0x0000000000000bb2      0x13a build/default/production/MY_MPU.o
                0x0000000000000bb2                MPU6050_calibrate

.text.init_uart
                0x0000000000000cec      0x12a
 .text.init_uart
                0x0000000000000cec      0x12a build/default/production/MY_UART.o
                0x0000000000000cec                init_uart

.text.setPIN_dir
                0x0000000000000e16       0xf2
 .text.setPIN_dir
                0x0000000000000e16       0xf2 build/default/production/DIO.o
                0x0000000000000e16                setPIN_dir

.text.__sindf   0x0000000000000f08       0xf2
 .text.__sindf  0x0000000000000f08       0xf2 d:/mplabx/xc8/avr/bin/../lib/gcc/avr/5.4.0/../../../../avr/lib/avr5\libm.a(__sindf.o)
                0x0000000000000f08                __sindf

.text.__cosdf   0x0000000000000ffa       0xee
 .text.__cosdf  0x0000000000000ffa       0xee d:/mplabx/xc8/avr/bin/../lib/gcc/avr/5.4.0/../../../../avr/lib/avr5\libm.a(__cosdf.o)
                0x0000000000000ffa                __cosdf

.text.Read_RawValue
                0x00000000000010e8       0xe4
 .text.Read_RawValue
                0x00000000000010e8       0xe4 build/default/production/MY_MPU.o
                0x00000000000010e8                Read_RawValue

.text.__rem_pio2f
                0x00000000000011cc       0xe0
 .text.__rem_pio2f
                0x00000000000011cc       0xe0 d:/mplabx/xc8/avr/bin/../lib/gcc/avr/5.4.0/../../../../avr/lib/avr5\libm.a(__rem_pio2f.o)
                0x00000000000011cc                __rem_pio2f

.text           0x00000000000012ac       0xde
 .text          0x00000000000012ac       0xde d:/mplabx/xc8/avr/bin/../lib/gcc/avr/5.4.0/../../../../avr/lib/avr5\libm.a(divsf3x.o)
                0x00000000000012ac                __divsf3x
                0x00000000000012d4                __divsf3_pse

.text           0x000000000000138a       0xd4
 .text          0x000000000000138a       0xd4 d:/mplabx/xc8/avr/bin/../lib/gcc/avr/5.4.0/../../../../avr/lib/avr5\libm.a(mulsf3x.o)
                0x000000000000138a                __mulsf3x
                0x00000000000013b0                __mulsf3_pse

.text           0x000000000000145e       0xce
 .text          0x000000000000145e       0xce d:/mplabx/xc8/avr/bin/../lib/gcc/avr/5.4.0/../../../../avr/lib/avr5\libm.a(addsf3x.o)
                0x000000000000145e                __addsf3x

.text.main      0x000000000000152c       0xaa
 .text.main     0x000000000000152c       0xaa build/default/production/main.o
                0x000000000000152c                main

.text           0x00000000000015d6       0x7a
 .text          0x00000000000015d6       0x7a d:/mplabx/xc8/avr/bin/../lib/gcc/avr/5.4.0/../../../../avr/lib/avr5\libm.a(floatsisf.o)
                0x00000000000015d6                __floatunsisf
                0x00000000000015da                __floatsisf

.text.__vector_5
                0x0000000000001650       0x6a
 .text.__vector_5
                0x0000000000001650       0x6a build/default/production/main.o
                0x0000000000001650                __vector_5

.text           0x00000000000016ba       0x5e
 .text          0x00000000000016ba       0x5e d:/mplabx/xc8/avr/bin/../lib/gcc/avr/5.4.0/../../../../avr/lib/avr5\libm.a(fixunssfsi.o)
                0x00000000000016ba                __fixunssfsi

.text           0x0000000000001718       0x48
 .text          0x0000000000001718       0x48 d:/mplabx/xc8/avr/bin/../lib/gcc/avr/5.4.0/../../../../avr/lib/avr5\libm.a(fp_cmp.o)
                0x0000000000001718                __fp_cmp

.text.init_Timer0_WithOCR0
                0x0000000000001760       0x44
 .text.init_Timer0_WithOCR0
                0x0000000000001760       0x44 build/default/production/My_TimerCounter.o
                0x0000000000001760                init_Timer0_WithOCR0

.text           0x00000000000017a4       0x44
 .text          0x00000000000017a4       0x44 d:/mplabx/xc8/avr/bin/../lib/gcc/avr/5.4.0/../../../../avr/lib/avr5\libm.a(fp_split3.o)
                0x00000000000017a4                __fp_split3
                0x00000000000017b4                __fp_splitA

.text.libgcc.div
                0x00000000000017e8       0x44
 .text.libgcc.div
                0x00000000000017e8       0x44 d:/mplabx/xc8/avr/bin/../lib/gcc/avr/5.4.0/avr5\libgcc.a(_udivmodsi4.o)
                0x00000000000017e8                __udivmodsi4

.text.Timer0_setMode
                0x000000000000182c       0x3e
 .text.Timer0_setMode
                0x000000000000182c       0x3e build/default/production/My_TimerCounter.o
                0x000000000000182c                Timer0_setMode

.text.Timer2_setMode
                0x000000000000186a       0x3e
 .text.Timer2_setMode
                0x000000000000186a       0x3e build/default/production/My_TimerCounter.o
                0x000000000000186a                Timer2_setMode

.text.I2C_Start_Wait
                0x00000000000018a8       0x3c
 .text.I2C_Start_Wait
                0x00000000000018a8       0x3c build/default/production/mpu_i2c.o
                0x00000000000018a8                I2C_Start_Wait

.text.I2C_Repeated_Start
                0x00000000000018e4       0x3a
 .text.I2C_Repeated_Start
                0x00000000000018e4       0x3a build/default/production/mpu_i2c.o
                0x00000000000018e4                I2C_Repeated_Start

.text.libgcc.prologue
                0x000000000000191e       0x38
 .text.libgcc.prologue
                0x000000000000191e       0x38 d:/mplabx/xc8/avr/bin/../lib/gcc/avr/5.4.0/avr5\libgcc.a(_prologue.o)
                0x000000000000191e                __prologue_saves__

.text.libgcc.prologue
                0x0000000000001956       0x36
 .text.libgcc.prologue
                0x0000000000001956       0x36 d:/mplabx/xc8/avr/bin/../lib/gcc/avr/5.4.0/avr5\libgcc.a(_epilogue.o)
                0x0000000000001956                __epilogue_restores__

.text.uart_send_str
                0x000000000000198c       0x30
 .text.uart_send_str
                0x000000000000198c       0x30 build/default/production/MY_UART.o
                0x000000000000198c                uart_send_str

.text.libgcc.div
                0x00000000000019bc       0x2e
 .text.libgcc.div
                0x00000000000019bc       0x2e d:/mplabx/xc8/avr/bin/../lib/gcc/avr/5.4.0/avr5\libgcc.a(_divmodsi4.o)
                0x00000000000019bc                __divmodsi4

.text.MPU6050_init
                0x00000000000019ea       0x2c
 .text.MPU6050_init
                0x00000000000019ea       0x2c build/default/production/MY_MPU.o
                0x00000000000019ea                MPU6050_init

.text.libgcc.div
                0x0000000000001a16       0x28
 .text.libgcc.div
                0x0000000000001a16       0x28 d:/mplabx/xc8/avr/bin/../lib/gcc/avr/5.4.0/avr5\libgcc.a(_divmodhi4.o)
                0x0000000000001a16                _div
                0x0000000000001a16                __divmodhi4

.text.libgcc.div
                0x0000000000001a3e       0x28
 .text.libgcc.div
                0x0000000000001a3e       0x28 d:/mplabx/xc8/avr/bin/../lib/gcc/avr/5.4.0/avr5\libgcc.a(_udivmodhi4.o)
                0x0000000000001a3e                __udivmodhi4

.text.MPU6050_writeRegister
                0x0000000000001a66       0x24
 .text.MPU6050_writeRegister
                0x0000000000001a66       0x24 build/default/production/MY_MPU.o

.text.I2C_Write
                0x0000000000001a8a       0x24
 .text.I2C_Write
                0x0000000000001a8a       0x24 build/default/production/mpu_i2c.o
                0x0000000000001a8a                I2C_Write

.text.initNormalMode_Timer_Counter2
                0x0000000000001aae       0x24
 .text.initNormalMode_Timer_Counter2
                0x0000000000001aae       0x24 build/default/production/My_TimerCounter.o
                0x0000000000001aae                initNormalMode_Timer_Counter2

.text           0x0000000000001ad2       0x22
 .text          0x0000000000001ad2       0x22 d:/mplabx/xc8/avr/bin/../lib/gcc/avr/5.4.0/../../../../avr/lib/avr5\libm.a(fp_round.o)
                0x0000000000001ad2                __fp_round

.text.Timer0_setClk
                0x0000000000001af4       0x16
 .text.Timer0_setClk
                0x0000000000001af4       0x16 build/default/production/My_TimerCounter.o
                0x0000000000001af4                Timer0_setClk

.text.Timer2_setClk
                0x0000000000001b0a       0x16
 .text.Timer2_setClk
                0x0000000000001b0a       0x16 build/default/production/My_TimerCounter.o
                0x0000000000001b0a                Timer2_setClk

.text.exit      0x0000000000001b20       0x16
 .text.exit     0x0000000000001b20       0x16 d:/mplabx/xc8/avr/bin/../lib/gcc/avr/5.4.0/../../../../avr/lib/avr5\libc.a(exit.o)
                0x0000000000001b20                exit

.text.MPU_Start_Loc
                0x0000000000001b36       0x14
 .text.MPU_Start_Loc
                0x0000000000001b36       0x14 build/default/production/MY_MPU.o
                0x0000000000001b36                MPU_Start_Loc

.text.libgcc.div
                0x0000000000001b4a       0x10
 .text.libgcc.div
                0x0000000000001b4a       0x10 d:/mplabx/xc8/avr/bin/../lib/gcc/avr/5.4.0/avr5\libgcc.a(_negsi2.o)
                0x0000000000001b4a                __negsi2

.text.I2C_Read_Ack
                0x0000000000001b5a        0xe
 .text.I2C_Read_Ack
                0x0000000000001b5a        0xe build/default/production/mpu_i2c.o
                0x0000000000001b5a                I2C_Read_Ack

.text.I2C_Read_Nack
                0x0000000000001b68        0xe
 .text.I2C_Read_Nack
                0x0000000000001b68        0xe build/default/production/mpu_i2c.o
                0x0000000000001b68                I2C_Read_Nack

.text           0x0000000000001b76        0xe
 .text          0x0000000000001b76        0xe d:/mplabx/xc8/avr/bin/../lib/gcc/avr/5.4.0/../../../../avr/lib/avr5\libm.a(addsf3.o)
                0x0000000000001b76                __subsf3
                0x0000000000001b78                __addsf3

.text           0x0000000000001b84        0xe
 .text          0x0000000000001b84        0xe d:/mplabx/xc8/avr/bin/../lib/gcc/avr/5.4.0/../../../../avr/lib/avr5\libm.a(fixsfsi.o)
                0x0000000000001b84                __fixsfsi

.text           0x0000000000001b92        0xe
 .text          0x0000000000001b92        0xe d:/mplabx/xc8/avr/bin/../lib/gcc/avr/5.4.0/../../../../avr/lib/avr5\libm.a(fp_pscA.o)
                0x0000000000001b92                __fp_pscA

.text           0x0000000000001ba0        0xe
 .text          0x0000000000001ba0        0xe d:/mplabx/xc8/avr/bin/../lib/gcc/avr/5.4.0/../../../../avr/lib/avr5\libm.a(fp_pscB.o)
                0x0000000000001ba0                __fp_pscB

.text           0x0000000000001bae        0xe
 .text          0x0000000000001bae        0xe d:/mplabx/xc8/avr/bin/../lib/gcc/avr/5.4.0/../../../../avr/lib/avr5\libm.a(fp_zero.o)
                0x0000000000001bae                __fp_zero
                0x0000000000001bb0                __fp_szero

.text.I2C_Stop  0x0000000000001bbc        0xc
 .text.I2C_Stop
                0x0000000000001bbc        0xc build/default/production/mpu_i2c.o
                0x0000000000001bbc                I2C_Stop

.text           0x0000000000001bc8        0xc
 .text          0x0000000000001bc8        0xc d:/mplabx/xc8/avr/bin/../lib/gcc/avr/5.4.0/../../../../avr/lib/avr5\libm.a(fp_inf.o)
                0x0000000000001bc8                __fp_inf

.text.MPU6050_setSampleRate
                0x0000000000001bd4        0xa
 .text.MPU6050_setSampleRate
                0x0000000000001bd4        0xa build/default/production/MY_MPU.o
                0x0000000000001bd4                MPU6050_setSampleRate

.text.MPU6050_setClockSource
                0x0000000000001bde        0xa
 .text.MPU6050_setClockSource
                0x0000000000001bde        0xa build/default/production/MY_MPU.o
                0x0000000000001bde                MPU6050_setClockSource

.text.MPU6050_setGyroConfig
                0x0000000000001be8        0xa
 .text.MPU6050_setGyroConfig
                0x0000000000001be8        0xa build/default/production/MY_MPU.o
                0x0000000000001be8                MPU6050_setGyroConfig

.text.MPU6050_setAccelConfig
                0x0000000000001bf2        0xa
 .text.MPU6050_setAccelConfig
                0x0000000000001bf2        0xa build/default/production/MY_MPU.o
                0x0000000000001bf2                MPU6050_setAccelConfig

.text.Timer0_waitCTC
                0x0000000000001bfc        0xa
 .text.Timer0_waitCTC
                0x0000000000001bfc        0xa build/default/production/My_TimerCounter.o
                0x0000000000001bfc                Timer0_waitCTC

.text           0x0000000000001c06        0xa
 .text          0x0000000000001c06        0xa d:/mplabx/xc8/avr/bin/../lib/gcc/avr/5.4.0/../../../../avr/lib/avr5\libm.a(gesf2.o)
                0x0000000000001c06                __gesf2
                0x0000000000001c06                __gtsf2

.text.uart_send_char
                0x0000000000001c10        0x8
 .text.uart_send_char
                0x0000000000001c10        0x8 build/default/production/MY_UART.o
                0x0000000000001c10                uart_send_char

.text.I2C_Init  0x0000000000001c18        0x8
 .text.I2C_Init
                0x0000000000001c18        0x8 build/default/production/mpu_i2c.o
                0x0000000000001c18                I2C_Init

.text.Timer0_INT_EN_TOVF
                0x0000000000001c20        0x8
 .text.Timer0_INT_EN_TOVF
                0x0000000000001c20        0x8 build/default/production/My_TimerCounter.o
                0x0000000000001c20                Timer0_INT_EN_TOVF

.text.Timer0_INT_EN_OCM
                0x0000000000001c28        0x8
 .text.Timer0_INT_EN_OCM
                0x0000000000001c28        0x8 build/default/production/My_TimerCounter.o
                0x0000000000001c28                Timer0_INT_EN_OCM

.text.Timer2_INT_EN_TOVF
                0x0000000000001c30        0x8
 .text.Timer2_INT_EN_TOVF
                0x0000000000001c30        0x8 build/default/production/My_TimerCounter.o
                0x0000000000001c30                Timer2_INT_EN_TOVF

.text           0x0000000000001c38        0x8
 .text          0x0000000000001c38        0x8 d:/mplabx/xc8/avr/bin/../lib/gcc/avr/5.4.0/../../../../avr/lib/avr5\libm.a(divsf3.o)
                0x0000000000001c38                __divsf3

.text           0x0000000000001c40        0x8
 .text          0x0000000000001c40        0x8 d:/mplabx/xc8/avr/bin/../lib/gcc/avr/5.4.0/../../../../avr/lib/avr5\libm.a(mulsf3.o)
                0x0000000000001c40                __mulsf3

.text           0x0000000000001c48        0x6
 .text          0x0000000000001c48        0x6 d:/mplabx/xc8/avr/bin/../lib/gcc/avr/5.4.0/../../../../avr/lib/avr5\libm.a(fp_nan.o)
                0x0000000000001c48                __fp_nan

.text           0x0000000000001c4e        0x4
 .text          0x0000000000001c4e        0x4 D:/Mplabx/packs/Microchip/ATmega_DFP/3.1.264/xc8/avr/lib/avr5/crtatmega32a.o
                0x0000000000001c4e                __vector_1
                0x0000000000001c4e                __vector_12
                0x0000000000001c4e                __bad_interrupt
                0x0000000000001c4e                __vector_6
                0x0000000000001c4e                __vector_3
                0x0000000000001c4e                __vector_11
                0x0000000000001c4e                __vector_13
                0x0000000000001c4e                __vector_17
                0x0000000000001c4e                __vector_19
                0x0000000000001c4e                __vector_7
                0x0000000000001c4e                __vector_4
                0x0000000000001c4e                __vector_9
                0x0000000000001c4e                __vector_2
                0x0000000000001c4e                __vector_15
                0x0000000000001c4e                __vector_8
                0x0000000000001c4e                __vector_14
                0x0000000000001c4e                __vector_10
                0x0000000000001c4e                __vector_16
                0x0000000000001c4e                __vector_18
                0x0000000000001c4e                __vector_20

.text.fabsf     0x0000000000001c52        0x4
 .text.fabsf    0x0000000000001c52        0x4 d:/mplabx/xc8/avr/bin/../lib/gcc/avr/5.4.0/../../../../avr/lib/avr5\libm.a(fabsf.o)
                0x0000000000001c52                fabsf

.text._Exit     0x0000000000001c56        0x4
 .text._Exit    0x0000000000001c56        0x4 d:/mplabx/xc8/avr/bin/../lib/gcc/avr/5.4.0/../../../../avr/lib/avr5\libc.a(_Exit.o)
                0x0000000000001c56                _Exit

.text.__dummy_fini
                0x0000000000001c5a        0x2
 .text.__dummy_fini
                0x0000000000001c5a        0x2 d:/mplabx/xc8/avr/bin/../lib/gcc/avr/5.4.0/../../../../avr/lib/avr5\libc.a(exit.o)
                0x0000000000001c5a                _fini

.text.__dummy_funcs_on_exit
                0x0000000000001c5c        0x2
 .text.__dummy_funcs_on_exit
                0x0000000000001c5c        0x2 d:/mplabx/xc8/avr/bin/../lib/gcc/avr/5.4.0/../../../../avr/lib/avr5\libc.a(exit.o)
                0x0000000000001c5c                __funcs_on_exit

.text.__dummy_simulator_exit
                0x0000000000001c5e        0x2
 .text.__dummy_simulator_exit
                0x0000000000001c5e        0x2 d:/mplabx/xc8/avr/bin/../lib/gcc/avr/5.4.0/../../../../avr/lib/avr5\libc.a(exit.o)
                0x0000000000001c5e                __simulator_exit

.data.frame     0x0000000000800062        0xf load address 0x0000000000001c60
 .data.frame    0x0000000000800062        0xf build/default/production/main.o
                0x0000000000800062                frame
